Archive member included because of file (symbol)

d:/college projects/imt embedded diploma/embedded tools/imt_sdk_win_64/winavr/bin/../lib/gcc/avr/4.3.3/avr5\libgcc.a(_mulsi3.o)
                              ./mcal/TIMER1/TIMER1_prog.o (__mulsi3)
d:/college projects/imt embedded diploma/embedded tools/imt_sdk_win_64/winavr/bin/../lib/gcc/avr/4.3.3/avr5\libgcc.a(_udivmodqi4.o)
                              ./hal/lcd_handler/lcd_proj.o (__udivmodqi4)
d:/college projects/imt embedded diploma/embedded tools/imt_sdk_win_64/winavr/bin/../lib/gcc/avr/4.3.3/avr5\libgcc.a(_udivmodhi4.o)
                              ./hal/lcd_handler/lcd_proj.o (__udivmodhi4)
d:/college projects/imt embedded diploma/embedded tools/imt_sdk_win_64/winavr/bin/../lib/gcc/avr/4.3.3/avr5\libgcc.a(_udivmodsi4.o)
                              ./mcal/UART_DRIVER/UART.o (__udivmodsi4)
d:/college projects/imt embedded diploma/embedded tools/imt_sdk_win_64/winavr/bin/../lib/gcc/avr/4.3.3/avr5\libgcc.a(_exit.o)
                              d:/college projects/imt embedded diploma/embedded tools/imt_sdk_win_64/winavr/bin/../lib/gcc/avr/4.3.3/../../../../avr/lib/avr5/crtm32.o (exit)
d:/college projects/imt embedded diploma/embedded tools/imt_sdk_win_64/winavr/bin/../lib/gcc/avr/4.3.3/avr5\libgcc.a(_copy_data.o)
                              ./services/show/show.o (__do_copy_data)
d:/college projects/imt embedded diploma/embedded tools/imt_sdk_win_64/winavr/bin/../lib/gcc/avr/4.3.3/avr5\libgcc.a(_clear_bss.o)
                              ./services/show/show.o (__do_clear_bss)
d:/college projects/imt embedded diploma/embedded tools/imt_sdk_win_64/winavr/bin/../lib/gcc/avr/4.3.3/avr5\libgcc.a(_fixunssfsi.o)
                              ./hal/lcd_handler/lcd_proj.o (__fixunssfsi)
d:/college projects/imt embedded diploma/embedded tools/imt_sdk_win_64/winavr/bin/../lib/gcc/avr/4.3.3/avr5\libgcc.a(_addsub_sf.o)
                              d:/college projects/imt embedded diploma/embedded tools/imt_sdk_win_64/winavr/bin/../lib/gcc/avr/4.3.3/avr5\libgcc.a(_fixunssfsi.o) (__subsf3)
d:/college projects/imt embedded diploma/embedded tools/imt_sdk_win_64/winavr/bin/../lib/gcc/avr/4.3.3/avr5\libgcc.a(_mul_sf.o)
                              ./hal/lcd_handler/lcd_proj.o (__mulsf3)
d:/college projects/imt embedded diploma/embedded tools/imt_sdk_win_64/winavr/bin/../lib/gcc/avr/4.3.3/avr5\libgcc.a(_gt_sf.o)
                              ./hal/lcd_handler/lcd_proj.o (__gtsf2)
d:/college projects/imt embedded diploma/embedded tools/imt_sdk_win_64/winavr/bin/../lib/gcc/avr/4.3.3/avr5\libgcc.a(_ge_sf.o)
                              d:/college projects/imt embedded diploma/embedded tools/imt_sdk_win_64/winavr/bin/../lib/gcc/avr/4.3.3/avr5\libgcc.a(_fixunssfsi.o) (__gesf2)
d:/college projects/imt embedded diploma/embedded tools/imt_sdk_win_64/winavr/bin/../lib/gcc/avr/4.3.3/avr5\libgcc.a(_lt_sf.o)
                              ./hal/lcd_handler/lcd_proj.o (__ltsf2)
d:/college projects/imt embedded diploma/embedded tools/imt_sdk_win_64/winavr/bin/../lib/gcc/avr/4.3.3/avr5\libgcc.a(_sf_to_si.o)
                              d:/college projects/imt embedded diploma/embedded tools/imt_sdk_win_64/winavr/bin/../lib/gcc/avr/4.3.3/avr5\libgcc.a(_fixunssfsi.o) (__fixsfsi)
d:/college projects/imt embedded diploma/embedded tools/imt_sdk_win_64/winavr/bin/../lib/gcc/avr/4.3.3/avr5\libgcc.a(_thenan_sf.o)
                              d:/college projects/imt embedded diploma/embedded tools/imt_sdk_win_64/winavr/bin/../lib/gcc/avr/4.3.3/avr5\libgcc.a(_addsub_sf.o) (__thenan_sf)
d:/college projects/imt embedded diploma/embedded tools/imt_sdk_win_64/winavr/bin/../lib/gcc/avr/4.3.3/avr5\libgcc.a(_prologue.o)
                              d:/college projects/imt embedded diploma/embedded tools/imt_sdk_win_64/winavr/bin/../lib/gcc/avr/4.3.3/avr5\libgcc.a(_addsub_sf.o) (__prologue_saves__)
d:/college projects/imt embedded diploma/embedded tools/imt_sdk_win_64/winavr/bin/../lib/gcc/avr/4.3.3/avr5\libgcc.a(_epilogue.o)
                              d:/college projects/imt embedded diploma/embedded tools/imt_sdk_win_64/winavr/bin/../lib/gcc/avr/4.3.3/avr5\libgcc.a(_addsub_sf.o) (__epilogue_restores__)
d:/college projects/imt embedded diploma/embedded tools/imt_sdk_win_64/winavr/bin/../lib/gcc/avr/4.3.3/avr5\libgcc.a(_pack_sf.o)
                              d:/college projects/imt embedded diploma/embedded tools/imt_sdk_win_64/winavr/bin/../lib/gcc/avr/4.3.3/avr5\libgcc.a(_addsub_sf.o) (__pack_f)
d:/college projects/imt embedded diploma/embedded tools/imt_sdk_win_64/winavr/bin/../lib/gcc/avr/4.3.3/avr5\libgcc.a(_unpack_sf.o)
                              d:/college projects/imt embedded diploma/embedded tools/imt_sdk_win_64/winavr/bin/../lib/gcc/avr/4.3.3/avr5\libgcc.a(_addsub_sf.o) (__unpack_f)
d:/college projects/imt embedded diploma/embedded tools/imt_sdk_win_64/winavr/bin/../lib/gcc/avr/4.3.3/avr5\libgcc.a(_fpcmp_parts_sf.o)
                              d:/college projects/imt embedded diploma/embedded tools/imt_sdk_win_64/winavr/bin/../lib/gcc/avr/4.3.3/avr5\libgcc.a(_gt_sf.o) (__fpcmp_parts_f)

Allocating common symbols
Common symbol       size              file

compare_value_1     0x1               ./services/show/show.o
compare_cnt         0x2               ./mcal/TIMER/TIMER_prog.o
sound_buffer        0x1e              ./services/show/show.o
sensor_reads        0x10              ./app/logic.o
ready_flag_glob     0x2               ./services/show/show.o
word_location_buffer
                    0xa               ./app/logic.o
compare_cnt1        0x2               ./mcal/TIMER1/TIMER1_prog.o
word_location       0xa               ./app/logic.o

Memory Configuration

Name             Origin             Length             Attributes
text             0x00000000         0x00020000         xr
data             0x00800060         0x0000ffa0         rw !x
eeprom           0x00810000         0x00010000         rw !x
fuse             0x00820000         0x00000400         rw !x
lock             0x00830000         0x00000400         rw !x
signature        0x00840000         0x00000400         rw !x
*default*        0x00000000         0xffffffff

Linker script and memory map

LOAD d:/college projects/imt embedded diploma/embedded tools/imt_sdk_win_64/winavr/bin/../lib/gcc/avr/4.3.3/../../../../avr/lib/avr5/crtm32.o
LOAD ./services/show/show.o
LOAD ./services/glove_handler/glove_prog.o
LOAD ./services/get_word_sound/get_word_sound.o
LOAD ./mcal/global_interrupt_driver/global_interrupt_prog.o
LOAD ./mcal/dio_driver/dio_prog.o
LOAD ./mcal/adc_driver/adc_prog.o
LOAD ./mcal/UART_DRIVER/UART.o
LOAD ./mcal/TIMER1/TIMER1_prog.o
LOAD ./mcal/TIMER/TIMER_prog.o
LOAD ./hal/tilt_sensor_driver/tilt_sensor_prog.o
LOAD ./hal/lcd_handler/lcd_proj.o
LOAD ./hal/flex_sensor_driver/flex_sensor_proj.o
LOAD ./hal/M16P_handler/M16P.o
LOAD ./app/logic.o
LOAD d:/college projects/imt embedded diploma/embedded tools/imt_sdk_win_64/winavr/bin/../lib/gcc/avr/4.3.3/avr5\libgcc.a
LOAD d:/college projects/imt embedded diploma/embedded tools/imt_sdk_win_64/winavr/bin/../lib/gcc/avr/4.3.3/../../../../avr/lib/avr5\libc.a
LOAD d:/college projects/imt embedded diploma/embedded tools/imt_sdk_win_64/winavr/bin/../lib/gcc/avr/4.3.3/avr5\libgcc.a

.hash
 *(.hash)

.dynsym
 *(.dynsym)

.dynstr
 *(.dynstr)

.gnu.version
 *(.gnu.version)

.gnu.version_d
 *(.gnu.version_d)

.gnu.version_r
 *(.gnu.version_r)

.rel.init
 *(.rel.init)

.rela.init
 *(.rela.init)

.rel.text
 *(.rel.text)
 *(.rel.text.*)
 *(.rel.gnu.linkonce.t*)

.rela.text
 *(.rela.text)
 *(.rela.text.*)
 *(.rela.gnu.linkonce.t*)

.rel.fini
 *(.rel.fini)

.rela.fini
 *(.rela.fini)

.rel.rodata
 *(.rel.rodata)
 *(.rel.rodata.*)
 *(.rel.gnu.linkonce.r*)

.rela.rodata
 *(.rela.rodata)
 *(.rela.rodata.*)
 *(.rela.gnu.linkonce.r*)

.rel.data
 *(.rel.data)
 *(.rel.data.*)
 *(.rel.gnu.linkonce.d*)

.rela.data
 *(.rela.data)
 *(.rela.data.*)
 *(.rela.gnu.linkonce.d*)

.rel.ctors
 *(.rel.ctors)

.rela.ctors
 *(.rela.ctors)

.rel.dtors
 *(.rel.dtors)

.rela.dtors
 *(.rela.dtors)

.rel.got
 *(.rel.got)

.rela.got
 *(.rela.got)

.rel.bss
 *(.rel.bss)

.rela.bss
 *(.rela.bss)

.rel.plt
 *(.rel.plt)

.rela.plt
 *(.rela.plt)

.text           0x00000000     0x3ba8
 *(.vectors)
 .vectors       0x00000000       0x54 d:/college projects/imt embedded diploma/embedded tools/imt_sdk_win_64/winavr/bin/../lib/gcc/avr/4.3.3/../../../../avr/lib/avr5/crtm32.o
                0x00000000                __vectors
                0x00000000                __vector_default
 *(.vectors)
 *(.progmem.gcc*)
 *(.progmem*)
                0x00000054                . = ALIGN (0x2)
                0x00000054                __trampolines_start = .
 *(.trampolines)
 .trampolines   0x00000054        0x0 linker stubs
 *(.trampolines*)
                0x00000054                __trampolines_end = .
 *(.jumptables)
 *(.jumptables*)
 *(.lowtext)
 *(.lowtext*)
                0x00000054                __ctors_start = .
 *(.ctors)
                0x00000054                __ctors_end = .
                0x00000054                __dtors_start = .
 *(.dtors)
                0x00000054                __dtors_end = .
 SORT(*)(.ctors)
 SORT(*)(.dtors)
 *(.init0)
 .init0         0x00000054        0x0 d:/college projects/imt embedded diploma/embedded tools/imt_sdk_win_64/winavr/bin/../lib/gcc/avr/4.3.3/../../../../avr/lib/avr5/crtm32.o
                0x00000054                __init
 *(.init0)
 *(.init1)
 *(.init1)
 *(.init2)
 .init2         0x00000054        0xc d:/college projects/imt embedded diploma/embedded tools/imt_sdk_win_64/winavr/bin/../lib/gcc/avr/4.3.3/../../../../avr/lib/avr5/crtm32.o
 *(.init2)
 *(.init3)
 *(.init3)
 *(.init4)
 .init4         0x00000060       0x16 d:/college projects/imt embedded diploma/embedded tools/imt_sdk_win_64/winavr/bin/../lib/gcc/avr/4.3.3/avr5\libgcc.a(_copy_data.o)
                0x00000060                __do_copy_data
 .init4         0x00000076       0x10 d:/college projects/imt embedded diploma/embedded tools/imt_sdk_win_64/winavr/bin/../lib/gcc/avr/4.3.3/avr5\libgcc.a(_clear_bss.o)
                0x00000076                __do_clear_bss
 *(.init4)
 *(.init5)
 *(.init5)
 *(.init6)
 *(.init6)
 *(.init7)
 *(.init7)
 *(.init8)
 *(.init8)
 *(.init9)
 .init9         0x00000086        0x8 d:/college projects/imt embedded diploma/embedded tools/imt_sdk_win_64/winavr/bin/../lib/gcc/avr/4.3.3/../../../../avr/lib/avr5/crtm32.o
 *(.init9)
 *(.text)
 .text          0x0000008e        0x4 d:/college projects/imt embedded diploma/embedded tools/imt_sdk_win_64/winavr/bin/../lib/gcc/avr/4.3.3/../../../../avr/lib/avr5/crtm32.o
                0x0000008e                __vector_1
                0x0000008e                __vector_12
                0x0000008e                __bad_interrupt
                0x0000008e                __vector_6
                0x0000008e                __vector_3
                0x0000008e                __vector_13
                0x0000008e                __vector_17
                0x0000008e                __vector_19
                0x0000008e                __vector_5
                0x0000008e                __vector_4
                0x0000008e                __vector_2
                0x0000008e                __vector_15
                0x0000008e                __vector_8
                0x0000008e                __vector_14
                0x0000008e                __vector_18
                0x0000008e                __vector_20
 .text          0x00000092        0x0 ./services/show/show.o
 .text          0x00000092        0x0 ./services/glove_handler/glove_prog.o
 .text          0x00000092        0x0 ./services/get_word_sound/get_word_sound.o
 .text          0x00000092        0x0 ./mcal/global_interrupt_driver/global_interrupt_prog.o
 .text          0x00000092        0x0 ./mcal/dio_driver/dio_prog.o
 .text          0x00000092        0x0 ./mcal/adc_driver/adc_prog.o
 .text          0x00000092        0x0 ./mcal/UART_DRIVER/UART.o
 .text          0x00000092        0x0 ./mcal/TIMER1/TIMER1_prog.o
 .text          0x00000092        0x0 ./mcal/TIMER/TIMER_prog.o
 .text          0x00000092        0x0 ./hal/tilt_sensor_driver/tilt_sensor_prog.o
 .text          0x00000092        0x0 ./hal/lcd_handler/lcd_proj.o
 .text          0x00000092        0x0 ./hal/flex_sensor_driver/flex_sensor_proj.o
 .text          0x00000092        0x0 ./hal/M16P_handler/M16P.o
 .text          0x00000092        0x0 ./app/logic.o
 .text          0x00000092        0x0 d:/college projects/imt embedded diploma/embedded tools/imt_sdk_win_64/winavr/bin/../lib/gcc/avr/4.3.3/avr5\libgcc.a(_mulsi3.o)
 .text          0x00000092        0x0 d:/college projects/imt embedded diploma/embedded tools/imt_sdk_win_64/winavr/bin/../lib/gcc/avr/4.3.3/avr5\libgcc.a(_udivmodqi4.o)
 .text          0x00000092        0x0 d:/college projects/imt embedded diploma/embedded tools/imt_sdk_win_64/winavr/bin/../lib/gcc/avr/4.3.3/avr5\libgcc.a(_udivmodhi4.o)
 .text          0x00000092        0x0 d:/college projects/imt embedded diploma/embedded tools/imt_sdk_win_64/winavr/bin/../lib/gcc/avr/4.3.3/avr5\libgcc.a(_udivmodsi4.o)
 .text          0x00000092        0x0 d:/college projects/imt embedded diploma/embedded tools/imt_sdk_win_64/winavr/bin/../lib/gcc/avr/4.3.3/avr5\libgcc.a(_exit.o)
 .text          0x00000092        0x0 d:/college projects/imt embedded diploma/embedded tools/imt_sdk_win_64/winavr/bin/../lib/gcc/avr/4.3.3/avr5\libgcc.a(_copy_data.o)
 .text          0x00000092        0x0 d:/college projects/imt embedded diploma/embedded tools/imt_sdk_win_64/winavr/bin/../lib/gcc/avr/4.3.3/avr5\libgcc.a(_clear_bss.o)
 .text          0x00000092       0x58 d:/college projects/imt embedded diploma/embedded tools/imt_sdk_win_64/winavr/bin/../lib/gcc/avr/4.3.3/avr5\libgcc.a(_fixunssfsi.o)
                0x00000092                __fixunssfsi
 .text          0x000000ea      0x354 d:/college projects/imt embedded diploma/embedded tools/imt_sdk_win_64/winavr/bin/../lib/gcc/avr/4.3.3/avr5\libgcc.a(_addsub_sf.o)
                0x00000382                __subsf3
                0x000003e4                __addsf3
 .text          0x0000043e      0x1f4 d:/college projects/imt embedded diploma/embedded tools/imt_sdk_win_64/winavr/bin/../lib/gcc/avr/4.3.3/avr5\libgcc.a(_mul_sf.o)
                0x0000043e                __mulsf3
 .text          0x00000632       0x60 d:/college projects/imt embedded diploma/embedded tools/imt_sdk_win_64/winavr/bin/../lib/gcc/avr/4.3.3/avr5\libgcc.a(_gt_sf.o)
                0x00000632                __gtsf2
 .text          0x00000692       0x60 d:/college projects/imt embedded diploma/embedded tools/imt_sdk_win_64/winavr/bin/../lib/gcc/avr/4.3.3/avr5\libgcc.a(_ge_sf.o)
                0x00000692                __gesf2
 .text          0x000006f2       0x60 d:/college projects/imt embedded diploma/embedded tools/imt_sdk_win_64/winavr/bin/../lib/gcc/avr/4.3.3/avr5\libgcc.a(_lt_sf.o)
                0x000006f2                __ltsf2
 .text          0x00000752       0xa8 d:/college projects/imt embedded diploma/embedded tools/imt_sdk_win_64/winavr/bin/../lib/gcc/avr/4.3.3/avr5\libgcc.a(_sf_to_si.o)
                0x00000752                __fixsfsi
 .text          0x000007fa        0x0 d:/college projects/imt embedded diploma/embedded tools/imt_sdk_win_64/winavr/bin/../lib/gcc/avr/4.3.3/avr5\libgcc.a(_thenan_sf.o)
 .text          0x000007fa        0x0 d:/college projects/imt embedded diploma/embedded tools/imt_sdk_win_64/winavr/bin/../lib/gcc/avr/4.3.3/avr5\libgcc.a(_prologue.o)
 .text          0x000007fa        0x0 d:/college projects/imt embedded diploma/embedded tools/imt_sdk_win_64/winavr/bin/../lib/gcc/avr/4.3.3/avr5\libgcc.a(_epilogue.o)
 .text          0x000007fa      0x1aa d:/college projects/imt embedded diploma/embedded tools/imt_sdk_win_64/winavr/bin/../lib/gcc/avr/4.3.3/avr5\libgcc.a(_pack_sf.o)
                0x000007fa                __pack_f
 .text          0x000009a4       0xf0 d:/college projects/imt embedded diploma/embedded tools/imt_sdk_win_64/winavr/bin/../lib/gcc/avr/4.3.3/avr5\libgcc.a(_unpack_sf.o)
                0x000009a4                __unpack_f
 .text          0x00000a94       0xb2 d:/college projects/imt embedded diploma/embedded tools/imt_sdk_win_64/winavr/bin/../lib/gcc/avr/4.3.3/avr5\libgcc.a(_fpcmp_parts_sf.o)
                0x00000a94                __fpcmp_parts_f
                0x00000b46                . = ALIGN (0x2)
 *(.text.*)
 .text.SHOW_vidShowAndPlayInit
                0x00000b46       0x42 ./services/show/show.o
                0x00000b46                SHOW_vidShowAndPlayInit
 .text.SHOW_vidShowAndPlay
                0x00000b88      0x20c ./services/show/show.o
                0x00000b88                SHOW_vidShowAndPlay
 .text.callback
                0x00000d94       0xe8 ./services/show/show.o
                0x00000d94                callback
 .text.GLOVE_vidCallBack
                0x00000e7c       0xf2 ./services/glove_handler/glove_prog.o
                0x00000e7c                GLOVE_vidCallBack
 .text.GLOVE_vidSensorsInit
                0x00000f6e       0x28 ./services/glove_handler/glove_prog.o
                0x00000f6e                GLOVE_vidSensorsInit
 .text.GLOVE_vidSetGloveParams
                0x00000f96       0x38 ./services/glove_handler/glove_prog.o
                0x00000f96                GLOVE_vidSetGloveParams
 .text.GLOVE_vidGetHandRead
                0x00000fce       0x74 ./services/glove_handler/glove_prog.o
                0x00000fce                GLOVE_vidGetHandRead
 .text.GET_vidGetWordAndSound
                0x00001042       0x82 ./services/get_word_sound/get_word_sound.o
                0x00001042                GET_vidGetWordAndSound
 .text.GLOBAL_INTERRUPT_vidGlobalInterruptEnable
                0x000010c4       0x54 ./mcal/global_interrupt_driver/global_interrupt_prog.o
                0x000010c4                GLOBAL_INTERRUPT_vidGlobalInterruptEnable
 .text.DIO_u8SetPinMode
                0x00001118      0x202 ./mcal/dio_driver/dio_prog.o
                0x00001118                DIO_u8SetPinMode
 .text.DIO_u8SetPinValue
                0x0000131a      0x202 ./mcal/dio_driver/dio_prog.o
                0x0000131a                DIO_u8SetPinValue
 .text.DIO_u8GetPinValue
                0x0000151c      0x126 ./mcal/dio_driver/dio_prog.o
                0x0000151c                DIO_u8GetPinValue
 .text.DIO_u8IsPinOutPut
                0x00001642      0x126 ./mcal/dio_driver/dio_prog.o
                0x00001642                DIO_u8IsPinOutPut
 .text.DIO_u8SetPullUpMode
                0x00001768      0x1f2 ./mcal/dio_driver/dio_prog.o
                0x00001768                DIO_u8SetPullUpMode
 .text.DIO_u8SetPortMode
                0x0000195a       0x90 ./mcal/dio_driver/dio_prog.o
                0x0000195a                DIO_u8SetPortMode
 .text.DIO_u8SetPortValue
                0x000019ea       0x90 ./mcal/dio_driver/dio_prog.o
                0x000019ea                DIO_u8SetPortValue
 .text.DIO_u8GetPortValue
                0x00001a7a       0xa4 ./mcal/dio_driver/dio_prog.o
                0x00001a7a                DIO_u8GetPortValue
 .text.DIO_u8SetPortPullUpMode
                0x00001b1e       0x90 ./mcal/dio_driver/dio_prog.o
                0x00001b1e                DIO_u8SetPortPullUpMode
 .text.ADC_vidAdcInit
                0x00001bae      0x102 ./mcal/adc_driver/adc_prog.o
                0x00001bae                ADC_vidAdcInit
 .text.ADC_vidAdcPinInit
                0x00001cb0       0x90 ./mcal/adc_driver/adc_prog.o
                0x00001cb0                ADC_vidAdcPinInit
 .text.ADC_vidAdcGetRead
                0x00001d40       0x28 ./mcal/adc_driver/adc_prog.o
                0x00001d40                ADC_vidAdcGetRead
 .text.ADC_vidGetAutoTriggerRead
                0x00001d68        0xe ./mcal/adc_driver/adc_prog.o
                0x00001d68                ADC_vidGetAutoTriggerRead
 .text.ADC_VIDSetAutoTriggerMode
                0x00001d76       0x4a ./mcal/adc_driver/adc_prog.o
                0x00001d76                ADC_VIDSetAutoTriggerMode
 .text.ADC_vidSetReadingVariable
                0x00001dc0       0x24 ./mcal/adc_driver/adc_prog.o
                0x00001dc0                ADC_vidSetReadingVariable
 .text.ADC_vidSetCallBack
                0x00001de4       0x24 ./mcal/adc_driver/adc_prog.o
                0x00001de4                ADC_vidSetCallBack
 .text.__vector_16
                0x00001e08       0x88 ./mcal/adc_driver/adc_prog.o
                0x00001e08                __vector_16
 .text.ADC_vidSetMultiPlexer
                0x00001e90      0x2cc ./mcal/adc_driver/adc_prog.o
 .text.UART_Init
                0x0000215c       0x7c ./mcal/UART_DRIVER/UART.o
                0x0000215c                UART_Init
 .text.UART_Transmit
                0x000021d8       0x34 ./mcal/UART_DRIVER/UART.o
                0x000021d8                UART_Transmit
 .text.UART_Receive
                0x0000220c       0x1e ./mcal/UART_DRIVER/UART.o
                0x0000220c                UART_Receive
 .text.TIMER1_voidInit
                0x0000222a       0x70 ./mcal/TIMER1/TIMER1_prog.o
                0x0000222a                TIMER1_voidInit
 .text.TIMER1_voidDisable
                0x0000229a       0x1c ./mcal/TIMER1/TIMER1_prog.o
                0x0000229a                TIMER1_voidDisable
 .text.TIMER1_uint8SetPrescaler
                0x000022b6       0x44 ./mcal/TIMER1/TIMER1_prog.o
                0x000022b6                TIMER1_uint8SetPrescaler
 .text.TIMER1_voidSetCounterRegister
                0x000022fa       0x1c ./mcal/TIMER1/TIMER1_prog.o
                0x000022fa                TIMER1_voidSetCounterRegister
 .text.TIMER1_voidSetCTCTime
                0x00002316       0x1c ./mcal/TIMER1/TIMER1_prog.o
                0x00002316                TIMER1_voidSetCTCTime
 .text.TIMER1_voidGetNumCountCTC
                0x00002332       0x6e ./mcal/TIMER1/TIMER1_prog.o
                0x00002332                TIMER1_voidGetNumCountCTC
 .text.TIMER1_voidSetCallBackNormal
                0x000023a0       0x24 ./mcal/TIMER1/TIMER1_prog.o
                0x000023a0                TIMER1_voidSetCallBackNormal
 .text.TIMER1_voidSetCallBackCTC
                0x000023c4       0x24 ./mcal/TIMER1/TIMER1_prog.o
                0x000023c4                TIMER1_voidSetCallBackCTC
 .text.__vector_7
                0x000023e8       0x96 ./mcal/TIMER1/TIMER1_prog.o
                0x000023e8                __vector_7
 .text.__vector_9
                0x0000247e       0x66 ./mcal/TIMER1/TIMER1_prog.o
                0x0000247e                __vector_9
 .text.TIMER_voidInit
                0x000024e4       0x54 ./mcal/TIMER/TIMER_prog.o
                0x000024e4                TIMER_voidInit
 .text.TIMER_voidDisable
                0x00002538       0x1c ./mcal/TIMER/TIMER_prog.o
                0x00002538                TIMER_voidDisable
 .text.TIMER_uint8SetPrescaler
                0x00002554       0x44 ./mcal/TIMER/TIMER_prog.o
                0x00002554                TIMER_uint8SetPrescaler
 .text.TIMER_voidSetCounterRegister
                0x00002598       0x1c ./mcal/TIMER/TIMER_prog.o
                0x00002598                TIMER_voidSetCounterRegister
 .text.TIMER_voidSetCTCTime
                0x000025b4       0x1c ./mcal/TIMER/TIMER_prog.o
                0x000025b4                TIMER_voidSetCTCTime
 .text.TIMER_voidGetNumCountCTC
                0x000025d0       0x6e ./mcal/TIMER/TIMER_prog.o
                0x000025d0                TIMER_voidGetNumCountCTC
 .text.TIMER_voidSetCallBackNormal
                0x0000263e       0x24 ./mcal/TIMER/TIMER_prog.o
                0x0000263e                TIMER_voidSetCallBackNormal
 .text.TIMER_voidSetCallBackCTC
                0x00002662       0x24 ./mcal/TIMER/TIMER_prog.o
                0x00002662                TIMER_voidSetCallBackCTC
 .text.__vector_11
                0x00002686       0x66 ./mcal/TIMER/TIMER_prog.o
                0x00002686                __vector_11
 .text.__vector_10
                0x000026ec       0x96 ./mcal/TIMER/TIMER_prog.o
                0x000026ec                __vector_10
 .text.TILT_vidInit
                0x00002782       0x90 ./hal/tilt_sensor_driver/tilt_sensor_prog.o
                0x00002782                TILT_vidInit
 .text.TILT_vidGetTiltRead
                0x00002812       0x50 ./hal/tilt_sensor_driver/tilt_sensor_prog.o
                0x00002812                TILT_vidGetTiltRead
 .text.TILT_vidGetAllTiltRead
                0x00002862       0x7e ./hal/tilt_sensor_driver/tilt_sensor_prog.o
                0x00002862                TILT_vidGetAllTiltRead
 .text.LCD_vidWriteData
                0x000028e0      0x13c ./hal/lcd_handler/lcd_proj.o
                0x000028e0                LCD_vidWriteData
 .text.LCD_vidWriteCmd
                0x00002a1c      0x13c ./hal/lcd_handler/lcd_proj.o
                0x00002a1c                LCD_vidWriteCmd
 .text.LCD_vidInit
                0x00002b58      0x3f4 ./hal/lcd_handler/lcd_proj.o
                0x00002b58                LCD_vidInit
 .text.LCD_vidDisplayString
                0x00002f4c       0x5e ./hal/lcd_handler/lcd_proj.o
                0x00002f4c                LCD_vidDisplayString
 .text.LCD_vidNewLine
                0x00002faa       0x14 ./hal/lcd_handler/lcd_proj.o
                0x00002faa                LCD_vidNewLine
 .text.LCD_vidDisplayStringLeftShift
                0x00002fbe      0x158 ./hal/lcd_handler/lcd_proj.o
                0x00002fbe                LCD_vidDisplayStringLeftShift
 .text.LCD_vidDisplayStringRightShift
                0x00003116      0x158 ./hal/lcd_handler/lcd_proj.o
                0x00003116                LCD_vidDisplayStringRightShift
 .text.LCD_vidClearDisplay
                0x0000326e       0x14 ./hal/lcd_handler/lcd_proj.o
                0x0000326e                LCD_vidClearDisplay
 .text.LCD_vidGoTo
                0x00003282       0x4c ./hal/lcd_handler/lcd_proj.o
                0x00003282                LCD_vidGoTo
 .text.LCD_vidSetCursor
                0x000032ce       0x26 ./hal/lcd_handler/lcd_proj.o
                0x000032ce                LCD_vidSetCursor
 .text.LCD_vidWriteInteger
                0x000032f4      0x12e ./hal/lcd_handler/lcd_proj.o
                0x000032f4                LCD_vidWriteInteger
 .text.FLEX_vidFlexInit
                0x00003422       0x20 ./hal/flex_sensor_driver/flex_sensor_proj.o
                0x00003422                FLEX_vidFlexInit
 .text.FLEX_vidGetFlexRead
                0x00003442       0x2c ./hal/flex_sensor_driver/flex_sensor_proj.o
                0x00003442                FLEX_vidGetFlexRead
 .text.FLEX_vidSetCallBack
                0x0000346e       0x20 ./hal/flex_sensor_driver/flex_sensor_proj.o
                0x0000346e                FLEX_vidSetCallBack
 .text.M16P_vidInit
                0x0000348e       0x24 ./hal/M16P_handler/M16P.o
                0x0000348e                M16P_vidInit
 .text.M16P_vidSetReply
                0x000034b2       0x22 ./hal/M16P_handler/M16P.o
                0x000034b2                M16P_vidSetReply
 .text.M16P_vidFillBufUint16
                0x000034d4       0x3c ./hal/M16P_handler/M16P.o
 .text.M16P_Uu16GetCheckSum
                0x00003510       0x70 ./hal/M16P_handler/M16P.o
 .text.M16P_vidFillCheckSum
                0x00003580       0x2e ./hal/M16P_handler/M16P.o
 .text.M16P_vidSendFunc
                0x000035ae       0x3e ./hal/M16P_handler/M16P.o
 .text.M16P_vidSendCmd
                0x000035ec       0x42 ./hal/M16P_handler/M16P.o
 .text.M16P_vidSendCmdSingleArg
                0x0000362e       0x3a ./hal/M16P_handler/M16P.o
 .text.M16P_vidSendCmdNoArg
                0x00003668       0x2e ./hal/M16P_handler/M16P.o
 .text.M16P_vidPlayTrack
                0x00003696       0x24 ./hal/M16P_handler/M16P.o
                0x00003696                M16P_vidPlayTrack
 .text.M16P_vidNextTrack
                0x000036ba       0x14 ./hal/M16P_handler/M16P.o
                0x000036ba                M16P_vidNextTrack
 .text.M16P_vidPreviousTrack
                0x000036ce       0x14 ./hal/M16P_handler/M16P.o
                0x000036ce                M16P_vidPreviousTrack
 .text.M16P_vidSetVolume
                0x000036e2       0x24 ./hal/M16P_handler/M16P.o
                0x000036e2                M16P_vidSetVolume
 .text.M16P_vidSetEQ
                0x00003706       0x24 ./hal/M16P_handler/M16P.o
                0x00003706                M16P_vidSetEQ
 .text.M16P_vidSetPlaybackSource
                0x0000372a       0x24 ./hal/M16P_handler/M16P.o
                0x0000372a                M16P_vidSetPlaybackSource
 .text.M16P_vidSleep
                0x0000374e       0x14 ./hal/M16P_handler/M16P.o
                0x0000374e                M16P_vidSleep
 .text.M16P_vidReset
                0x00003762       0x14 ./hal/M16P_handler/M16P.o
                0x00003762                M16P_vidReset
 .text.M16P_vidPlayback
                0x00003776       0x14 ./hal/M16P_handler/M16P.o
                0x00003776                M16P_vidPlayback
 .text.M16P_vidPause
                0x0000378a       0x14 ./hal/M16P_handler/M16P.o
                0x0000378a                M16P_vidPause
 .text.M16P_vidPlayFileInFolder
                0x0000379e       0x32 ./hal/M16P_handler/M16P.o
                0x0000379e                M16P_vidPlayFileInFolder
 .text.M16P_vidPlayByNumber
                0x000037d0       0x24 ./hal/M16P_handler/M16P.o
                0x000037d0                M16P_vidPlayByNumber
 .text.M16P_vidGetState
                0x000037f4       0x14 ./hal/M16P_handler/M16P.o
                0x000037f4                M16P_vidGetState
 .text.M16P_vidGetVolume
                0x00003808       0x14 ./hal/M16P_handler/M16P.o
                0x00003808                M16P_vidGetVolume
 .text.M16P_vidGetUSum
                0x0000381c       0x14 ./hal/M16P_handler/M16P.o
                0x0000381c                M16P_vidGetUSum
 .text.M16P_vidGetTFSum
                0x00003830       0x14 ./hal/M16P_handler/M16P.o
                0x00003830                M16P_vidGetTFSum
 .text.M16P_vidGetFlashSum
                0x00003844       0x14 ./hal/M16P_handler/M16P.o
                0x00003844                M16P_vidGetFlashSum
 .text.M16P_vidGetTFCurrent
                0x00003858       0x14 ./hal/M16P_handler/M16P.o
                0x00003858                M16P_vidGetTFCurrent
 .text.M16P_vidGetUCurrent
                0x0000386c       0x14 ./hal/M16P_handler/M16P.o
                0x0000386c                M16P_vidGetUCurrent
 .text.M16P_vidGetFlashCurrent
                0x00003880       0x14 ./hal/M16P_handler/M16P.o
                0x00003880                M16P_vidGetFlashCurrent
 .text.M16P_u8GetDataBuffer
                0x00003894       0x66 ./hal/M16P_handler/M16P.o
                0x00003894                M16P_u8GetDataBuffer
 .text.main     0x000038fa       0xa0 ./app/logic.o
                0x000038fa                main
 .text.get_word
                0x0000399a       0xda ./app/logic.o
                0x0000399a                get_word
 .text.libgcc   0x00003a74       0x3e d:/college projects/imt embedded diploma/embedded tools/imt_sdk_win_64/winavr/bin/../lib/gcc/avr/4.3.3/avr5\libgcc.a(_mulsi3.o)
                0x00003a74                __mulsi3
 .text.libgcc   0x00003ab2       0x18 d:/college projects/imt embedded diploma/embedded tools/imt_sdk_win_64/winavr/bin/../lib/gcc/avr/4.3.3/avr5\libgcc.a(_udivmodqi4.o)
                0x00003ab2                __udivmodqi4
 .text.libgcc   0x00003aca       0x28 d:/college projects/imt embedded diploma/embedded tools/imt_sdk_win_64/winavr/bin/../lib/gcc/avr/4.3.3/avr5\libgcc.a(_udivmodhi4.o)
                0x00003aca                __udivmodhi4
 .text.libgcc   0x00003af2       0x44 d:/college projects/imt embedded diploma/embedded tools/imt_sdk_win_64/winavr/bin/../lib/gcc/avr/4.3.3/avr5\libgcc.a(_udivmodsi4.o)
                0x00003af2                __udivmodsi4
 .text.libgcc   0x00003b36        0x0 d:/college projects/imt embedded diploma/embedded tools/imt_sdk_win_64/winavr/bin/../lib/gcc/avr/4.3.3/avr5\libgcc.a(_exit.o)
 .text.libgcc   0x00003b36        0x0 d:/college projects/imt embedded diploma/embedded tools/imt_sdk_win_64/winavr/bin/../lib/gcc/avr/4.3.3/avr5\libgcc.a(_copy_data.o)
 .text.libgcc   0x00003b36        0x0 d:/college projects/imt embedded diploma/embedded tools/imt_sdk_win_64/winavr/bin/../lib/gcc/avr/4.3.3/avr5\libgcc.a(_clear_bss.o)
 .text.libgcc   0x00003b36       0x38 d:/college projects/imt embedded diploma/embedded tools/imt_sdk_win_64/winavr/bin/../lib/gcc/avr/4.3.3/avr5\libgcc.a(_prologue.o)
                0x00003b36                __prologue_saves__
 .text.libgcc   0x00003b6e       0x36 d:/college projects/imt embedded diploma/embedded tools/imt_sdk_win_64/winavr/bin/../lib/gcc/avr/4.3.3/avr5\libgcc.a(_epilogue.o)
                0x00003b6e                __epilogue_restores__
                0x00003ba4                . = ALIGN (0x2)
 *(.fini9)
 .fini9         0x00003ba4        0x0 d:/college projects/imt embedded diploma/embedded tools/imt_sdk_win_64/winavr/bin/../lib/gcc/avr/4.3.3/avr5\libgcc.a(_exit.o)
                0x00003ba4                exit
                0x00003ba4                _exit
 *(.fini9)
 *(.fini8)
 *(.fini8)
 *(.fini7)
 *(.fini7)
 *(.fini6)
 *(.fini6)
 *(.fini5)
 *(.fini5)
 *(.fini4)
 *(.fini4)
 *(.fini3)
 *(.fini3)
 *(.fini2)
 *(.fini2)
 *(.fini1)
 *(.fini1)
 *(.fini0)
 .fini0         0x00003ba4        0x4 d:/college projects/imt embedded diploma/embedded tools/imt_sdk_win_64/winavr/bin/../lib/gcc/avr/4.3.3/avr5\libgcc.a(_exit.o)
 *(.fini0)
                0x00003ba8                _etext = .

.data           0x00800060      0x398 load address 0x00003ba8
                0x00800060                PROVIDE (__data_start, .)
 *(.data)
 .data          0x00800060        0x0 d:/college projects/imt embedded diploma/embedded tools/imt_sdk_win_64/winavr/bin/../lib/gcc/avr/4.3.3/../../../../avr/lib/avr5/crtm32.o
 .data          0x00800060        0x4 ./services/show/show.o
 .data          0x00800064        0x0 ./services/glove_handler/glove_prog.o
 .data          0x00800064        0x0 ./services/get_word_sound/get_word_sound.o
 .data          0x00800064        0x0 ./mcal/global_interrupt_driver/global_interrupt_prog.o
 .data          0x00800064        0x0 ./mcal/dio_driver/dio_prog.o
 .data          0x00800064        0x0 ./mcal/adc_driver/adc_prog.o
 .data          0x00800064        0x0 ./mcal/UART_DRIVER/UART.o
 .data          0x00800064        0x0 ./mcal/TIMER1/TIMER1_prog.o
 .data          0x00800064        0x0 ./mcal/TIMER/TIMER_prog.o
 .data          0x00800064        0x0 ./hal/tilt_sensor_driver/tilt_sensor_prog.o
 .data          0x00800064        0x0 ./hal/lcd_handler/lcd_proj.o
 .data          0x00800064        0x0 ./hal/flex_sensor_driver/flex_sensor_proj.o
 .data          0x00800064        0x0 ./hal/M16P_handler/M16P.o
 .data          0x00800064        0x0 ./app/logic.o
 .data          0x00800064        0x0 d:/college projects/imt embedded diploma/embedded tools/imt_sdk_win_64/winavr/bin/../lib/gcc/avr/4.3.3/avr5\libgcc.a(_mulsi3.o)
 .data          0x00800064        0x0 d:/college projects/imt embedded diploma/embedded tools/imt_sdk_win_64/winavr/bin/../lib/gcc/avr/4.3.3/avr5\libgcc.a(_udivmodqi4.o)
 .data          0x00800064        0x0 d:/college projects/imt embedded diploma/embedded tools/imt_sdk_win_64/winavr/bin/../lib/gcc/avr/4.3.3/avr5\libgcc.a(_udivmodhi4.o)
 .data          0x00800064        0x0 d:/college projects/imt embedded diploma/embedded tools/imt_sdk_win_64/winavr/bin/../lib/gcc/avr/4.3.3/avr5\libgcc.a(_udivmodsi4.o)
 .data          0x00800064        0x0 d:/college projects/imt embedded diploma/embedded tools/imt_sdk_win_64/winavr/bin/../lib/gcc/avr/4.3.3/avr5\libgcc.a(_exit.o)
 .data          0x00800064        0x0 d:/college projects/imt embedded diploma/embedded tools/imt_sdk_win_64/winavr/bin/../lib/gcc/avr/4.3.3/avr5\libgcc.a(_copy_data.o)
 .data          0x00800064        0x0 d:/college projects/imt embedded diploma/embedded tools/imt_sdk_win_64/winavr/bin/../lib/gcc/avr/4.3.3/avr5\libgcc.a(_clear_bss.o)
 .data          0x00800064        0x0 d:/college projects/imt embedded diploma/embedded tools/imt_sdk_win_64/winavr/bin/../lib/gcc/avr/4.3.3/avr5\libgcc.a(_fixunssfsi.o)
 .data          0x00800064        0x0 d:/college projects/imt embedded diploma/embedded tools/imt_sdk_win_64/winavr/bin/../lib/gcc/avr/4.3.3/avr5\libgcc.a(_addsub_sf.o)
 .data          0x00800064        0x0 d:/college projects/imt embedded diploma/embedded tools/imt_sdk_win_64/winavr/bin/../lib/gcc/avr/4.3.3/avr5\libgcc.a(_mul_sf.o)
 .data          0x00800064        0x0 d:/college projects/imt embedded diploma/embedded tools/imt_sdk_win_64/winavr/bin/../lib/gcc/avr/4.3.3/avr5\libgcc.a(_gt_sf.o)
 .data          0x00800064        0x0 d:/college projects/imt embedded diploma/embedded tools/imt_sdk_win_64/winavr/bin/../lib/gcc/avr/4.3.3/avr5\libgcc.a(_ge_sf.o)
 .data          0x00800064        0x0 d:/college projects/imt embedded diploma/embedded tools/imt_sdk_win_64/winavr/bin/../lib/gcc/avr/4.3.3/avr5\libgcc.a(_lt_sf.o)
 .data          0x00800064        0x0 d:/college projects/imt embedded diploma/embedded tools/imt_sdk_win_64/winavr/bin/../lib/gcc/avr/4.3.3/avr5\libgcc.a(_sf_to_si.o)
 .data          0x00800064        0x8 d:/college projects/imt embedded diploma/embedded tools/imt_sdk_win_64/winavr/bin/../lib/gcc/avr/4.3.3/avr5\libgcc.a(_thenan_sf.o)
                0x00800064                __thenan_sf
 .data          0x0080006c        0x0 d:/college projects/imt embedded diploma/embedded tools/imt_sdk_win_64/winavr/bin/../lib/gcc/avr/4.3.3/avr5\libgcc.a(_prologue.o)
 .data          0x0080006c        0x0 d:/college projects/imt embedded diploma/embedded tools/imt_sdk_win_64/winavr/bin/../lib/gcc/avr/4.3.3/avr5\libgcc.a(_epilogue.o)
 .data          0x0080006c        0x0 d:/college projects/imt embedded diploma/embedded tools/imt_sdk_win_64/winavr/bin/../lib/gcc/avr/4.3.3/avr5\libgcc.a(_pack_sf.o)
 .data          0x0080006c        0x0 d:/college projects/imt embedded diploma/embedded tools/imt_sdk_win_64/winavr/bin/../lib/gcc/avr/4.3.3/avr5\libgcc.a(_unpack_sf.o)
 .data          0x0080006c        0x0 d:/college projects/imt embedded diploma/embedded tools/imt_sdk_win_64/winavr/bin/../lib/gcc/avr/4.3.3/avr5\libgcc.a(_fpcmp_parts_sf.o)
 *(.data*)
 .data.outputs  0x0080006c       0x78 ./services/show/show.o
                0x0080006c                outputs
 .data.s1       0x008000e4        0x3 ./services/show/show.o
                0x008000e4                s1
 .data.s2       0x008000e7        0xd ./services/show/show.o
                0x008000e7                s2
 .data.s3       0x008000f4        0xb ./services/show/show.o
                0x008000f4                s3
 .data.s4       0x008000ff        0x8 ./services/show/show.o
                0x008000ff                s4
 .data.s5       0x00800107        0x5 ./services/show/show.o
                0x00800107                s5
 .data.s6       0x0080010c        0x9 ./services/show/show.o
                0x0080010c                s6
 .data.s7       0x00800115        0x3 ./services/show/show.o
                0x00800115                s7
 .data.s8       0x00800118        0x6 ./services/show/show.o
                0x00800118                s8
 .data.s9       0x0080011e        0x4 ./services/show/show.o
                0x0080011e                s9
 .data.s10      0x00800122        0x8 ./services/show/show.o
                0x00800122                s10
 .data.s11      0x0080012a        0x5 ./services/show/show.o
                0x0080012a                s11
 .data.s12      0x0080012f        0x5 ./services/show/show.o
                0x0080012f                s12
 .data.s13      0x00800134        0x6 ./services/show/show.o
                0x00800134                s13
 .data.s14      0x0080013a        0xa ./services/show/show.o
                0x0080013a                s14
 .data.s15      0x00800144        0x8 ./services/show/show.o
                0x00800144                s15
 .data.s16      0x0080014c        0x6 ./services/show/show.o
                0x0080014c                s16
 .data.s17      0x00800152        0x3 ./services/show/show.o
                0x00800152                s17
 .data.s18      0x00800155        0x6 ./services/show/show.o
                0x00800155                s18
 .data.s19      0x0080015b        0x8 ./services/show/show.o
                0x0080015b                s19
 .data.s20      0x00800163        0x8 ./services/show/show.o
                0x00800163                s20
 .data.strings  0x0080016b       0x28 ./services/show/show.o
                0x0080016b                strings
 .data.current_file.1353
                0x00800193        0x1 ./services/show/show.o
 .data.FLEX_SENSORS
                0x00800194        0x8 ./services/glove_handler/glove_prog.o
                0x00800194                FLEX_SENSORS
 .data.words    0x0080019c      0x23c ./services/get_word_sound/get_word_sound.o
                0x0080019c                words
 .data.ADC_PINS
                0x008003d8       0x10 ./mcal/adc_driver/adc_prog.o
                0x008003d8                ADC_PINS
 .data.tilt_pins
                0x008003e8        0x4 ./hal/tilt_sensor_driver/tilt_sensor_prog.o
                0x008003e8                tilt_pins
 .data.send_buf
                0x008003ec        0xa ./hal/M16P_handler/M16P.o
 .data.get_another_read_flag
                0x008003f6        0x1 ./app/logic.o
                0x008003f6                get_another_read_flag
 *(.rodata)
 *(.rodata*)
 *(.gnu.linkonce.d*)
                0x008003f8                . = ALIGN (0x2)
 *fill*         0x008003f7        0x1 00
                0x008003f8                _edata = .
                0x008003f8                PROVIDE (__data_end, .)

.bss            0x008003f8       0x6e
                0x008003f8                PROVIDE (__bss_start, .)
 *(.bss)
 .bss           0x008003f8        0x0 d:/college projects/imt embedded diploma/embedded tools/imt_sdk_win_64/winavr/bin/../lib/gcc/avr/4.3.3/../../../../avr/lib/avr5/crtm32.o
 .bss           0x008003f8        0x0 ./services/show/show.o
 .bss           0x008003f8        0x0 ./services/glove_handler/glove_prog.o
 .bss           0x008003f8        0x0 ./services/get_word_sound/get_word_sound.o
 .bss           0x008003f8        0x0 ./mcal/global_interrupt_driver/global_interrupt_prog.o
 .bss           0x008003f8        0x0 ./mcal/dio_driver/dio_prog.o
 .bss           0x008003f8        0x0 ./mcal/adc_driver/adc_prog.o
 .bss           0x008003f8        0x0 ./mcal/UART_DRIVER/UART.o
 .bss           0x008003f8        0x0 ./mcal/TIMER1/TIMER1_prog.o
 .bss           0x008003f8        0x0 ./mcal/TIMER/TIMER_prog.o
 .bss           0x008003f8        0x0 ./hal/tilt_sensor_driver/tilt_sensor_prog.o
 .bss           0x008003f8        0x0 ./hal/lcd_handler/lcd_proj.o
 .bss           0x008003f8        0x0 ./hal/flex_sensor_driver/flex_sensor_proj.o
 .bss           0x008003f8        0x0 ./hal/M16P_handler/M16P.o
 .bss           0x008003f8        0x0 ./app/logic.o
 .bss           0x008003f8        0x0 d:/college projects/imt embedded diploma/embedded tools/imt_sdk_win_64/winavr/bin/../lib/gcc/avr/4.3.3/avr5\libgcc.a(_mulsi3.o)
 .bss           0x008003f8        0x0 d:/college projects/imt embedded diploma/embedded tools/imt_sdk_win_64/winavr/bin/../lib/gcc/avr/4.3.3/avr5\libgcc.a(_udivmodqi4.o)
 .bss           0x008003f8        0x0 d:/college projects/imt embedded diploma/embedded tools/imt_sdk_win_64/winavr/bin/../lib/gcc/avr/4.3.3/avr5\libgcc.a(_udivmodhi4.o)
 .bss           0x008003f8        0x0 d:/college projects/imt embedded diploma/embedded tools/imt_sdk_win_64/winavr/bin/../lib/gcc/avr/4.3.3/avr5\libgcc.a(_udivmodsi4.o)
 .bss           0x008003f8        0x0 d:/college projects/imt embedded diploma/embedded tools/imt_sdk_win_64/winavr/bin/../lib/gcc/avr/4.3.3/avr5\libgcc.a(_exit.o)
 .bss           0x008003f8        0x0 d:/college projects/imt embedded diploma/embedded tools/imt_sdk_win_64/winavr/bin/../lib/gcc/avr/4.3.3/avr5\libgcc.a(_copy_data.o)
 .bss           0x008003f8        0x0 d:/college projects/imt embedded diploma/embedded tools/imt_sdk_win_64/winavr/bin/../lib/gcc/avr/4.3.3/avr5\libgcc.a(_clear_bss.o)
 .bss           0x008003f8        0x0 d:/college projects/imt embedded diploma/embedded tools/imt_sdk_win_64/winavr/bin/../lib/gcc/avr/4.3.3/avr5\libgcc.a(_fixunssfsi.o)
 .bss           0x008003f8        0x0 d:/college projects/imt embedded diploma/embedded tools/imt_sdk_win_64/winavr/bin/../lib/gcc/avr/4.3.3/avr5\libgcc.a(_addsub_sf.o)
 .bss           0x008003f8        0x0 d:/college projects/imt embedded diploma/embedded tools/imt_sdk_win_64/winavr/bin/../lib/gcc/avr/4.3.3/avr5\libgcc.a(_mul_sf.o)
 .bss           0x008003f8        0x0 d:/college projects/imt embedded diploma/embedded tools/imt_sdk_win_64/winavr/bin/../lib/gcc/avr/4.3.3/avr5\libgcc.a(_gt_sf.o)
 .bss           0x008003f8        0x0 d:/college projects/imt embedded diploma/embedded tools/imt_sdk_win_64/winavr/bin/../lib/gcc/avr/4.3.3/avr5\libgcc.a(_ge_sf.o)
 .bss           0x008003f8        0x0 d:/college projects/imt embedded diploma/embedded tools/imt_sdk_win_64/winavr/bin/../lib/gcc/avr/4.3.3/avr5\libgcc.a(_lt_sf.o)
 .bss           0x008003f8        0x0 d:/college projects/imt embedded diploma/embedded tools/imt_sdk_win_64/winavr/bin/../lib/gcc/avr/4.3.3/avr5\libgcc.a(_sf_to_si.o)
 .bss           0x008003f8        0x0 d:/college projects/imt embedded diploma/embedded tools/imt_sdk_win_64/winavr/bin/../lib/gcc/avr/4.3.3/avr5\libgcc.a(_thenan_sf.o)
 .bss           0x008003f8        0x0 d:/college projects/imt embedded diploma/embedded tools/imt_sdk_win_64/winavr/bin/../lib/gcc/avr/4.3.3/avr5\libgcc.a(_prologue.o)
 .bss           0x008003f8        0x0 d:/college projects/imt embedded diploma/embedded tools/imt_sdk_win_64/winavr/bin/../lib/gcc/avr/4.3.3/avr5\libgcc.a(_epilogue.o)
 .bss           0x008003f8        0x0 d:/college projects/imt embedded diploma/embedded tools/imt_sdk_win_64/winavr/bin/../lib/gcc/avr/4.3.3/avr5\libgcc.a(_pack_sf.o)
 .bss           0x008003f8        0x0 d:/college projects/imt embedded diploma/embedded tools/imt_sdk_win_64/winavr/bin/../lib/gcc/avr/4.3.3/avr5\libgcc.a(_unpack_sf.o)
 .bss           0x008003f8        0x0 d:/college projects/imt embedded diploma/embedded tools/imt_sdk_win_64/winavr/bin/../lib/gcc/avr/4.3.3/avr5\libgcc.a(_fpcmp_parts_sf.o)
 *(.bss*)
 .bss.sound_buffer_size
                0x008003f8        0x1 ./services/show/show.o
                0x008003f8                sound_buffer_size
 .bss.SENSOR_READ
                0x008003f9        0x2 ./services/glove_handler/glove_prog.o
                0x008003f9                SENSOR_READ
 .bss.NO_OF_FLEX_SENSORS
                0x008003fb        0x1 ./services/glove_handler/glove_prog.o
                0x008003fb                NO_OF_FLEX_SENSORS
 .bss.READ      0x008003fc        0x2 ./services/glove_handler/glove_prog.o
                0x008003fc                READ
 .bss.i         0x008003fe        0x2 ./services/glove_handler/glove_prog.o
                0x008003fe                i
 .bss.vector_16
                0x00800400        0x2 ./mcal/adc_driver/adc_prog.o
                0x00800400                vector_16
 .bss.ADC_READ  0x00800402        0x2 ./mcal/adc_driver/adc_prog.o
                0x00800402                ADC_READ
 .bss.TIMER1_voidpSetCallBackNormal
                0x00800404        0x2 ./mcal/TIMER1/TIMER1_prog.o
                0x00800404                TIMER1_voidpSetCallBackNormal
 .bss.TIMER1_voidpSetCallBackCTC
                0x00800406        0x2 ./mcal/TIMER1/TIMER1_prog.o
                0x00800406                TIMER1_voidpSetCallBackCTC
 .bss.cnt.1297  0x00800408        0x2 ./mcal/TIMER1/TIMER1_prog.o
 .bss.TIMER_voidpSetCallBackNormal
                0x0080040a        0x2 ./mcal/TIMER/TIMER_prog.o
                0x0080040a                TIMER_voidpSetCallBackNormal
 .bss.TIMER_voidpSetCallBackCTC
                0x0080040c        0x2 ./mcal/TIMER/TIMER_prog.o
 .bss.cnt.1300  0x0080040e        0x2 ./mcal/TIMER/TIMER_prog.o
 .bss.is_reply  0x00800410        0x1 ./hal/M16P_handler/M16P.o
 .bss.recv_buf  0x00800411        0xa ./hal/M16P_handler/M16P.o
 .bss.ready_flag
                0x0080041b        0x1 ./app/logic.o
                0x0080041b                ready_flag
 .bss.i.1371    0x0080041c        0x1 ./app/logic.o
 *(COMMON)
 COMMON         0x0080041d       0x21 ./services/show/show.o
                0x0080041d                compare_value_1
                0x0080041e                sound_buffer
                0x0080043c                ready_flag_glob
 COMMON         0x0080043e        0x2 ./mcal/TIMER1/TIMER1_prog.o
                0x0080043e                compare_cnt1
 COMMON         0x00800440        0x2 ./mcal/TIMER/TIMER_prog.o
                0x00800440                compare_cnt
 COMMON         0x00800442       0x24 ./app/logic.o
                0x00800442                sensor_reads
                0x00800452                word_location_buffer
                0x0080045c                word_location
                0x00800466                PROVIDE (__bss_end, .)
                0x00003ba8                __data_load_start = LOADADDR (.data)
                0x00003f40                __data_load_end = (__data_load_start + SIZEOF (.data))

.noinit         0x00800466        0x0
                0x00800466                PROVIDE (__noinit_start, .)
 *(.noinit*)
                0x00800466                PROVIDE (__noinit_end, .)
                0x00800466                _end = .
                0x00800466                PROVIDE (__heap_start, .)

.eeprom         0x00810000        0x0
 *(.eeprom*)
                0x00810000                __eeprom_end = .

.fuse
 *(.fuse)
 *(.lfuse)
 *(.hfuse)
 *(.efuse)

.lock
 *(.lock*)

.signature
 *(.signature*)

.stab           0x00000000     0x4848
 *(.stab)
 .stab          0x00000000      0x564 ./services/show/show.o
 .stab          0x00000564      0x324 ./services/glove_handler/glove_prog.o
                                0x330 (size before relaxing)
 .stab          0x00000888      0x1ec ./services/get_word_sound/get_word_sound.o
                                0x1f8 (size before relaxing)
 .stab          0x00000a74      0x1a4 ./mcal/global_interrupt_driver/global_interrupt_prog.o
                                0x1b0 (size before relaxing)
 .stab          0x00000c18      0x954 ./mcal/dio_driver/dio_prog.o
                                0x960 (size before relaxing)
 .stab          0x0000156c      0x69c ./mcal/adc_driver/adc_prog.o
                                0x6a8 (size before relaxing)
 .stab          0x00001c08      0x270 ./mcal/UART_DRIVER/UART.o
                                0x27c (size before relaxing)
 .stab          0x00001e78      0x4d4 ./mcal/TIMER1/TIMER1_prog.o
                                0x4e0 (size before relaxing)
 .stab          0x0000234c      0x4bc ./mcal/TIMER/TIMER_prog.o
                                0x4c8 (size before relaxing)
 .stab          0x00002808      0x2d0 ./hal/tilt_sensor_driver/tilt_sensor_prog.o
                                0x2dc (size before relaxing)
 .stab          0x00002ad8      0xdec ./hal/lcd_handler/lcd_proj.o
                                0xdf8 (size before relaxing)
 .stab          0x000038c4      0x228 ./hal/flex_sensor_driver/flex_sensor_proj.o
                                0x234 (size before relaxing)
 .stab          0x00003aec      0x9d8 ./hal/M16P_handler/M16P.o
                                0x9e4 (size before relaxing)
 .stab          0x000044c4      0x384 ./app/logic.o
                                0x504 (size before relaxing)

.stabstr        0x00000000     0x234b
 *(.stabstr)
 .stabstr       0x00000000     0x234b ./services/show/show.o

.stab.excl
 *(.stab.excl)

.stab.exclstr
 *(.stab.exclstr)

.stab.index
 *(.stab.index)

.stab.indexstr
 *(.stab.indexstr)

.comment
 *(.comment)

.debug
 *(.debug)

.line
 *(.line)

.debug_srcinfo
 *(.debug_srcinfo)

.debug_sfnames
 *(.debug_sfnames)

.debug_aranges  0x00000000      0x140
 *(.debug_aranges)
 .debug_aranges
                0x00000000       0x20 d:/college projects/imt embedded diploma/embedded tools/imt_sdk_win_64/winavr/bin/../lib/gcc/avr/4.3.3/avr5\libgcc.a(_fixunssfsi.o)
 .debug_aranges
                0x00000020       0x20 d:/college projects/imt embedded diploma/embedded tools/imt_sdk_win_64/winavr/bin/../lib/gcc/avr/4.3.3/avr5\libgcc.a(_addsub_sf.o)
 .debug_aranges
                0x00000040       0x20 d:/college projects/imt embedded diploma/embedded tools/imt_sdk_win_64/winavr/bin/../lib/gcc/avr/4.3.3/avr5\libgcc.a(_mul_sf.o)
 .debug_aranges
                0x00000060       0x20 d:/college projects/imt embedded diploma/embedded tools/imt_sdk_win_64/winavr/bin/../lib/gcc/avr/4.3.3/avr5\libgcc.a(_gt_sf.o)
 .debug_aranges
                0x00000080       0x20 d:/college projects/imt embedded diploma/embedded tools/imt_sdk_win_64/winavr/bin/../lib/gcc/avr/4.3.3/avr5\libgcc.a(_ge_sf.o)
 .debug_aranges
                0x000000a0       0x20 d:/college projects/imt embedded diploma/embedded tools/imt_sdk_win_64/winavr/bin/../lib/gcc/avr/4.3.3/avr5\libgcc.a(_lt_sf.o)
 .debug_aranges
                0x000000c0       0x20 d:/college projects/imt embedded diploma/embedded tools/imt_sdk_win_64/winavr/bin/../lib/gcc/avr/4.3.3/avr5\libgcc.a(_sf_to_si.o)
 .debug_aranges
                0x000000e0       0x20 d:/college projects/imt embedded diploma/embedded tools/imt_sdk_win_64/winavr/bin/../lib/gcc/avr/4.3.3/avr5\libgcc.a(_pack_sf.o)
 .debug_aranges
                0x00000100       0x20 d:/college projects/imt embedded diploma/embedded tools/imt_sdk_win_64/winavr/bin/../lib/gcc/avr/4.3.3/avr5\libgcc.a(_unpack_sf.o)
 .debug_aranges
                0x00000120       0x20 d:/college projects/imt embedded diploma/embedded tools/imt_sdk_win_64/winavr/bin/../lib/gcc/avr/4.3.3/avr5\libgcc.a(_fpcmp_parts_sf.o)

.debug_pubnames
                0x00000000      0x170
 *(.debug_pubnames)
 .debug_pubnames
                0x00000000       0x23 d:/college projects/imt embedded diploma/embedded tools/imt_sdk_win_64/winavr/bin/../lib/gcc/avr/4.3.3/avr5\libgcc.a(_fixunssfsi.o)
 .debug_pubnames
                0x00000023       0x2c d:/college projects/imt embedded diploma/embedded tools/imt_sdk_win_64/winavr/bin/../lib/gcc/avr/4.3.3/avr5\libgcc.a(_addsub_sf.o)
 .debug_pubnames
                0x0000004f       0x1f d:/college projects/imt embedded diploma/embedded tools/imt_sdk_win_64/winavr/bin/../lib/gcc/avr/4.3.3/avr5\libgcc.a(_mul_sf.o)
 .debug_pubnames
                0x0000006e       0x1e d:/college projects/imt embedded diploma/embedded tools/imt_sdk_win_64/winavr/bin/../lib/gcc/avr/4.3.3/avr5\libgcc.a(_gt_sf.o)
 .debug_pubnames
                0x0000008c       0x1e d:/college projects/imt embedded diploma/embedded tools/imt_sdk_win_64/winavr/bin/../lib/gcc/avr/4.3.3/avr5\libgcc.a(_ge_sf.o)
 .debug_pubnames
                0x000000aa       0x1e d:/college projects/imt embedded diploma/embedded tools/imt_sdk_win_64/winavr/bin/../lib/gcc/avr/4.3.3/avr5\libgcc.a(_lt_sf.o)
 .debug_pubnames
                0x000000c8       0x20 d:/college projects/imt embedded diploma/embedded tools/imt_sdk_win_64/winavr/bin/../lib/gcc/avr/4.3.3/avr5\libgcc.a(_sf_to_si.o)
 .debug_pubnames
                0x000000e8       0x22 d:/college projects/imt embedded diploma/embedded tools/imt_sdk_win_64/winavr/bin/../lib/gcc/avr/4.3.3/avr5\libgcc.a(_thenan_sf.o)
 .debug_pubnames
                0x0000010a       0x1f d:/college projects/imt embedded diploma/embedded tools/imt_sdk_win_64/winavr/bin/../lib/gcc/avr/4.3.3/avr5\libgcc.a(_pack_sf.o)
 .debug_pubnames
                0x00000129       0x21 d:/college projects/imt embedded diploma/embedded tools/imt_sdk_win_64/winavr/bin/../lib/gcc/avr/4.3.3/avr5\libgcc.a(_unpack_sf.o)
 .debug_pubnames
                0x0000014a       0x26 d:/college projects/imt embedded diploma/embedded tools/imt_sdk_win_64/winavr/bin/../lib/gcc/avr/4.3.3/avr5\libgcc.a(_fpcmp_parts_sf.o)

.debug_info     0x00000000     0x1c49
 *(.debug_info)
 .debug_info    0x00000000       0xb1 d:/college projects/imt embedded diploma/embedded tools/imt_sdk_win_64/winavr/bin/../lib/gcc/avr/4.3.3/avr5\libgcc.a(_fixunssfsi.o)
 .debug_info    0x000000b1      0x47a d:/college projects/imt embedded diploma/embedded tools/imt_sdk_win_64/winavr/bin/../lib/gcc/avr/4.3.3/avr5\libgcc.a(_addsub_sf.o)
 .debug_info    0x0000052b      0x485 d:/college projects/imt embedded diploma/embedded tools/imt_sdk_win_64/winavr/bin/../lib/gcc/avr/4.3.3/avr5\libgcc.a(_mul_sf.o)
 .debug_info    0x000009b0      0x27f d:/college projects/imt embedded diploma/embedded tools/imt_sdk_win_64/winavr/bin/../lib/gcc/avr/4.3.3/avr5\libgcc.a(_gt_sf.o)
 .debug_info    0x00000c2f      0x27f d:/college projects/imt embedded diploma/embedded tools/imt_sdk_win_64/winavr/bin/../lib/gcc/avr/4.3.3/avr5\libgcc.a(_ge_sf.o)
 .debug_info    0x00000eae      0x27f d:/college projects/imt embedded diploma/embedded tools/imt_sdk_win_64/winavr/bin/../lib/gcc/avr/4.3.3/avr5\libgcc.a(_lt_sf.o)
 .debug_info    0x0000112d      0x2b0 d:/college projects/imt embedded diploma/embedded tools/imt_sdk_win_64/winavr/bin/../lib/gcc/avr/4.3.3/avr5\libgcc.a(_sf_to_si.o)
 .debug_info    0x000013dd      0x12c d:/college projects/imt embedded diploma/embedded tools/imt_sdk_win_64/winavr/bin/../lib/gcc/avr/4.3.3/avr5\libgcc.a(_thenan_sf.o)
 .debug_info    0x00001509      0x2df d:/college projects/imt embedded diploma/embedded tools/imt_sdk_win_64/winavr/bin/../lib/gcc/avr/4.3.3/avr5\libgcc.a(_pack_sf.o)
 .debug_info    0x000017e8      0x251 d:/college projects/imt embedded diploma/embedded tools/imt_sdk_win_64/winavr/bin/../lib/gcc/avr/4.3.3/avr5\libgcc.a(_unpack_sf.o)
 .debug_info    0x00001a39      0x210 d:/college projects/imt embedded diploma/embedded tools/imt_sdk_win_64/winavr/bin/../lib/gcc/avr/4.3.3/avr5\libgcc.a(_fpcmp_parts_sf.o)
 *(.gnu.linkonce.wi.*)

.debug_abbrev   0x00000000      0xeeb
 *(.debug_abbrev)
 .debug_abbrev  0x00000000       0x5d d:/college projects/imt embedded diploma/embedded tools/imt_sdk_win_64/winavr/bin/../lib/gcc/avr/4.3.3/avr5\libgcc.a(_fixunssfsi.o)
 .debug_abbrev  0x0000005d      0x1ea d:/college projects/imt embedded diploma/embedded tools/imt_sdk_win_64/winavr/bin/../lib/gcc/avr/4.3.3/avr5\libgcc.a(_addsub_sf.o)
 .debug_abbrev  0x00000247      0x21b d:/college projects/imt embedded diploma/embedded tools/imt_sdk_win_64/winavr/bin/../lib/gcc/avr/4.3.3/avr5\libgcc.a(_mul_sf.o)
 .debug_abbrev  0x00000462      0x15a d:/college projects/imt embedded diploma/embedded tools/imt_sdk_win_64/winavr/bin/../lib/gcc/avr/4.3.3/avr5\libgcc.a(_gt_sf.o)
 .debug_abbrev  0x000005bc      0x15a d:/college projects/imt embedded diploma/embedded tools/imt_sdk_win_64/winavr/bin/../lib/gcc/avr/4.3.3/avr5\libgcc.a(_ge_sf.o)
 .debug_abbrev  0x00000716      0x15a d:/college projects/imt embedded diploma/embedded tools/imt_sdk_win_64/winavr/bin/../lib/gcc/avr/4.3.3/avr5\libgcc.a(_lt_sf.o)
 .debug_abbrev  0x00000870      0x17f d:/college projects/imt embedded diploma/embedded tools/imt_sdk_win_64/winavr/bin/../lib/gcc/avr/4.3.3/avr5\libgcc.a(_sf_to_si.o)
 .debug_abbrev  0x000009ef       0xad d:/college projects/imt embedded diploma/embedded tools/imt_sdk_win_64/winavr/bin/../lib/gcc/avr/4.3.3/avr5\libgcc.a(_thenan_sf.o)
 .debug_abbrev  0x00000a9c      0x1c0 d:/college projects/imt embedded diploma/embedded tools/imt_sdk_win_64/winavr/bin/../lib/gcc/avr/4.3.3/avr5\libgcc.a(_pack_sf.o)
 .debug_abbrev  0x00000c5c      0x154 d:/college projects/imt embedded diploma/embedded tools/imt_sdk_win_64/winavr/bin/../lib/gcc/avr/4.3.3/avr5\libgcc.a(_unpack_sf.o)
 .debug_abbrev  0x00000db0      0x13b d:/college projects/imt embedded diploma/embedded tools/imt_sdk_win_64/winavr/bin/../lib/gcc/avr/4.3.3/avr5\libgcc.a(_fpcmp_parts_sf.o)

.debug_line     0x00000000      0xdad
 *(.debug_line)
 .debug_line    0x00000000       0xa7 d:/college projects/imt embedded diploma/embedded tools/imt_sdk_win_64/winavr/bin/../lib/gcc/avr/4.3.3/avr5\libgcc.a(_fixunssfsi.o)
 .debug_line    0x000000a7      0x2af d:/college projects/imt embedded diploma/embedded tools/imt_sdk_win_64/winavr/bin/../lib/gcc/avr/4.3.3/avr5\libgcc.a(_addsub_sf.o)
 .debug_line    0x00000356      0x239 d:/college projects/imt embedded diploma/embedded tools/imt_sdk_win_64/winavr/bin/../lib/gcc/avr/4.3.3/avr5\libgcc.a(_mul_sf.o)
 .debug_line    0x0000058f       0xd3 d:/college projects/imt embedded diploma/embedded tools/imt_sdk_win_64/winavr/bin/../lib/gcc/avr/4.3.3/avr5\libgcc.a(_gt_sf.o)
 .debug_line    0x00000662       0xd3 d:/college projects/imt embedded diploma/embedded tools/imt_sdk_win_64/winavr/bin/../lib/gcc/avr/4.3.3/avr5\libgcc.a(_ge_sf.o)
 .debug_line    0x00000735       0xd3 d:/college projects/imt embedded diploma/embedded tools/imt_sdk_win_64/winavr/bin/../lib/gcc/avr/4.3.3/avr5\libgcc.a(_lt_sf.o)
 .debug_line    0x00000808      0x109 d:/college projects/imt embedded diploma/embedded tools/imt_sdk_win_64/winavr/bin/../lib/gcc/avr/4.3.3/avr5\libgcc.a(_sf_to_si.o)
 .debug_line    0x00000911       0x90 d:/college projects/imt embedded diploma/embedded tools/imt_sdk_win_64/winavr/bin/../lib/gcc/avr/4.3.3/avr5\libgcc.a(_thenan_sf.o)
 .debug_line    0x000009a1      0x18a d:/college projects/imt embedded diploma/embedded tools/imt_sdk_win_64/winavr/bin/../lib/gcc/avr/4.3.3/avr5\libgcc.a(_pack_sf.o)
 .debug_line    0x00000b2b      0x14b d:/college projects/imt embedded diploma/embedded tools/imt_sdk_win_64/winavr/bin/../lib/gcc/avr/4.3.3/avr5\libgcc.a(_unpack_sf.o)
 .debug_line    0x00000c76      0x137 d:/college projects/imt embedded diploma/embedded tools/imt_sdk_win_64/winavr/bin/../lib/gcc/avr/4.3.3/avr5\libgcc.a(_fpcmp_parts_sf.o)

.debug_frame    0x00000000      0x160
 *(.debug_frame)
 .debug_frame   0x00000000       0x20 d:/college projects/imt embedded diploma/embedded tools/imt_sdk_win_64/winavr/bin/../lib/gcc/avr/4.3.3/avr5\libgcc.a(_fixunssfsi.o)
 .debug_frame   0x00000020       0x40 d:/college projects/imt embedded diploma/embedded tools/imt_sdk_win_64/winavr/bin/../lib/gcc/avr/4.3.3/avr5\libgcc.a(_addsub_sf.o)
 .debug_frame   0x00000060       0x20 d:/college projects/imt embedded diploma/embedded tools/imt_sdk_win_64/winavr/bin/../lib/gcc/avr/4.3.3/avr5\libgcc.a(_mul_sf.o)
 .debug_frame   0x00000080       0x20 d:/college projects/imt embedded diploma/embedded tools/imt_sdk_win_64/winavr/bin/../lib/gcc/avr/4.3.3/avr5\libgcc.a(_gt_sf.o)
 .debug_frame   0x000000a0       0x20 d:/college projects/imt embedded diploma/embedded tools/imt_sdk_win_64/winavr/bin/../lib/gcc/avr/4.3.3/avr5\libgcc.a(_ge_sf.o)
 .debug_frame   0x000000c0       0x20 d:/college projects/imt embedded diploma/embedded tools/imt_sdk_win_64/winavr/bin/../lib/gcc/avr/4.3.3/avr5\libgcc.a(_lt_sf.o)
 .debug_frame   0x000000e0       0x20 d:/college projects/imt embedded diploma/embedded tools/imt_sdk_win_64/winavr/bin/../lib/gcc/avr/4.3.3/avr5\libgcc.a(_sf_to_si.o)
 .debug_frame   0x00000100       0x20 d:/college projects/imt embedded diploma/embedded tools/imt_sdk_win_64/winavr/bin/../lib/gcc/avr/4.3.3/avr5\libgcc.a(_pack_sf.o)
 .debug_frame   0x00000120       0x20 d:/college projects/imt embedded diploma/embedded tools/imt_sdk_win_64/winavr/bin/../lib/gcc/avr/4.3.3/avr5\libgcc.a(_unpack_sf.o)
 .debug_frame   0x00000140       0x20 d:/college projects/imt embedded diploma/embedded tools/imt_sdk_win_64/winavr/bin/../lib/gcc/avr/4.3.3/avr5\libgcc.a(_fpcmp_parts_sf.o)

.debug_str      0x00000000      0x28d
 *(.debug_str)
 .debug_str     0x00000000       0xbf d:/college projects/imt embedded diploma/embedded tools/imt_sdk_win_64/winavr/bin/../lib/gcc/avr/4.3.3/avr5\libgcc.a(_fixunssfsi.o)
                                 0xfe (size before relaxing)
 .debug_str     0x000000bf      0x14d d:/college projects/imt embedded diploma/embedded tools/imt_sdk_win_64/winavr/bin/../lib/gcc/avr/4.3.3/avr5\libgcc.a(_addsub_sf.o)
                                0x206 (size before relaxing)
 .debug_str     0x0000020c       0x27 d:/college projects/imt embedded diploma/embedded tools/imt_sdk_win_64/winavr/bin/../lib/gcc/avr/4.3.3/avr5\libgcc.a(_mul_sf.o)
                                0x1bf (size before relaxing)
 .debug_str     0x00000233        0xf d:/college projects/imt embedded diploma/embedded tools/imt_sdk_win_64/winavr/bin/../lib/gcc/avr/4.3.3/avr5\libgcc.a(_gt_sf.o)
                                0x195 (size before relaxing)
 .debug_str     0x00000242        0x8 d:/college projects/imt embedded diploma/embedded tools/imt_sdk_win_64/winavr/bin/../lib/gcc/avr/4.3.3/avr5\libgcc.a(_ge_sf.o)
                                0x195 (size before relaxing)
 .debug_str     0x0000024a        0x8 d:/college projects/imt embedded diploma/embedded tools/imt_sdk_win_64/winavr/bin/../lib/gcc/avr/4.3.3/avr5\libgcc.a(_lt_sf.o)
                                0x195 (size before relaxing)
 .debug_str     0x00000252        0xa d:/college projects/imt embedded diploma/embedded tools/imt_sdk_win_64/winavr/bin/../lib/gcc/avr/4.3.3/avr5\libgcc.a(_sf_to_si.o)
                                0x19e (size before relaxing)
 .debug_str     0x00000000      0x103 d:/college projects/imt embedded diploma/embedded tools/imt_sdk_win_64/winavr/bin/../lib/gcc/avr/4.3.3/avr5\libgcc.a(_thenan_sf.o)
 .debug_str     0x0000025c       0x16 d:/college projects/imt embedded diploma/embedded tools/imt_sdk_win_64/winavr/bin/../lib/gcc/avr/4.3.3/avr5\libgcc.a(_pack_sf.o)
                                0x19d (size before relaxing)
 .debug_str     0x00000272        0xb d:/college projects/imt embedded diploma/embedded tools/imt_sdk_win_64/winavr/bin/../lib/gcc/avr/4.3.3/avr5\libgcc.a(_unpack_sf.o)
                                0x17f (size before relaxing)
 .debug_str     0x0000027d       0x10 d:/college projects/imt embedded diploma/embedded tools/imt_sdk_win_64/winavr/bin/../lib/gcc/avr/4.3.3/avr5\libgcc.a(_fpcmp_parts_sf.o)
                                0x163 (size before relaxing)

.debug_loc      0x00000000      0x7ce
 *(.debug_loc)
 .debug_loc     0x00000000       0x34 d:/college projects/imt embedded diploma/embedded tools/imt_sdk_win_64/winavr/bin/../lib/gcc/avr/4.3.3/avr5\libgcc.a(_fixunssfsi.o)
 .debug_loc     0x00000034      0x32a d:/college projects/imt embedded diploma/embedded tools/imt_sdk_win_64/winavr/bin/../lib/gcc/avr/4.3.3/avr5\libgcc.a(_addsub_sf.o)
 .debug_loc     0x0000035e      0x104 d:/college projects/imt embedded diploma/embedded tools/imt_sdk_win_64/winavr/bin/../lib/gcc/avr/4.3.3/avr5\libgcc.a(_mul_sf.o)
 .debug_loc     0x00000462       0x3c d:/college projects/imt embedded diploma/embedded tools/imt_sdk_win_64/winavr/bin/../lib/gcc/avr/4.3.3/avr5\libgcc.a(_gt_sf.o)
 .debug_loc     0x0000049e       0x3c d:/college projects/imt embedded diploma/embedded tools/imt_sdk_win_64/winavr/bin/../lib/gcc/avr/4.3.3/avr5\libgcc.a(_ge_sf.o)
 .debug_loc     0x000004da       0x3c d:/college projects/imt embedded diploma/embedded tools/imt_sdk_win_64/winavr/bin/../lib/gcc/avr/4.3.3/avr5\libgcc.a(_lt_sf.o)
 .debug_loc     0x00000516       0x7e d:/college projects/imt embedded diploma/embedded tools/imt_sdk_win_64/winavr/bin/../lib/gcc/avr/4.3.3/avr5\libgcc.a(_sf_to_si.o)
 .debug_loc     0x00000594      0x13e d:/college projects/imt embedded diploma/embedded tools/imt_sdk_win_64/winavr/bin/../lib/gcc/avr/4.3.3/avr5\libgcc.a(_pack_sf.o)
 .debug_loc     0x000006d2       0xac d:/college projects/imt embedded diploma/embedded tools/imt_sdk_win_64/winavr/bin/../lib/gcc/avr/4.3.3/avr5\libgcc.a(_unpack_sf.o)
 .debug_loc     0x0000077e       0x50 d:/college projects/imt embedded diploma/embedded tools/imt_sdk_win_64/winavr/bin/../lib/gcc/avr/4.3.3/avr5\libgcc.a(_fpcmp_parts_sf.o)

.debug_macinfo
 *(.debug_macinfo)
OUTPUT(Glove_project.elf elf32-avr)
LOAD linker stubs

.debug_ranges   0x00000000       0x50
 .debug_ranges  0x00000000       0x50 d:/college projects/imt embedded diploma/embedded tools/imt_sdk_win_64/winavr/bin/../lib/gcc/avr/4.3.3/avr5\libgcc.a(_mul_sf.o)
