Archive member included because of file (symbol)

d:/college projects/imt embedded diploma/embedded tools/imt_sdk_win_64/winavr/bin/../lib/gcc/avr/4.3.3/avr5\libgcc.a(_mulsi3.o)
                              ./mcal/TIMER1/TIMER1_prog.o (__mulsi3)
d:/college projects/imt embedded diploma/embedded tools/imt_sdk_win_64/winavr/bin/../lib/gcc/avr/4.3.3/avr5\libgcc.a(_udivmodqi4.o)
                              ./hal/lcd_handler/lcd_proj.o (__udivmodqi4)
d:/college projects/imt embedded diploma/embedded tools/imt_sdk_win_64/winavr/bin/../lib/gcc/avr/4.3.3/avr5\libgcc.a(_udivmodhi4.o)
                              ./hal/lcd_handler/lcd_proj.o (__udivmodhi4)
d:/college projects/imt embedded diploma/embedded tools/imt_sdk_win_64/winavr/bin/../lib/gcc/avr/4.3.3/avr5\libgcc.a(_udivmodsi4.o)
                              ./mcal/UART_DRIVER/UART.o (__udivmodsi4)
d:/college projects/imt embedded diploma/embedded tools/imt_sdk_win_64/winavr/bin/../lib/gcc/avr/4.3.3/avr5\libgcc.a(_exit.o)
                              d:/college projects/imt embedded diploma/embedded tools/imt_sdk_win_64/winavr/bin/../lib/gcc/avr/4.3.3/../../../../avr/lib/avr5/crtm32.o (exit)
d:/college projects/imt embedded diploma/embedded tools/imt_sdk_win_64/winavr/bin/../lib/gcc/avr/4.3.3/avr5\libgcc.a(_copy_data.o)
                              ./services/show/show.o (__do_copy_data)
d:/college projects/imt embedded diploma/embedded tools/imt_sdk_win_64/winavr/bin/../lib/gcc/avr/4.3.3/avr5\libgcc.a(_clear_bss.o)
                              ./services/show/show.o (__do_clear_bss)
d:/college projects/imt embedded diploma/embedded tools/imt_sdk_win_64/winavr/bin/../lib/gcc/avr/4.3.3/avr5\libgcc.a(_fixunssfsi.o)
                              ./hal/lcd_handler/lcd_proj.o (__fixunssfsi)
d:/college projects/imt embedded diploma/embedded tools/imt_sdk_win_64/winavr/bin/../lib/gcc/avr/4.3.3/avr5\libgcc.a(_addsub_sf.o)
                              d:/college projects/imt embedded diploma/embedded tools/imt_sdk_win_64/winavr/bin/../lib/gcc/avr/4.3.3/avr5\libgcc.a(_fixunssfsi.o) (__subsf3)
d:/college projects/imt embedded diploma/embedded tools/imt_sdk_win_64/winavr/bin/../lib/gcc/avr/4.3.3/avr5\libgcc.a(_mul_sf.o)
                              ./hal/lcd_handler/lcd_proj.o (__mulsf3)
d:/college projects/imt embedded diploma/embedded tools/imt_sdk_win_64/winavr/bin/../lib/gcc/avr/4.3.3/avr5\libgcc.a(_gt_sf.o)
                              ./hal/lcd_handler/lcd_proj.o (__gtsf2)
d:/college projects/imt embedded diploma/embedded tools/imt_sdk_win_64/winavr/bin/../lib/gcc/avr/4.3.3/avr5\libgcc.a(_ge_sf.o)
                              d:/college projects/imt embedded diploma/embedded tools/imt_sdk_win_64/winavr/bin/../lib/gcc/avr/4.3.3/avr5\libgcc.a(_fixunssfsi.o) (__gesf2)
d:/college projects/imt embedded diploma/embedded tools/imt_sdk_win_64/winavr/bin/../lib/gcc/avr/4.3.3/avr5\libgcc.a(_lt_sf.o)
                              ./hal/lcd_handler/lcd_proj.o (__ltsf2)
d:/college projects/imt embedded diploma/embedded tools/imt_sdk_win_64/winavr/bin/../lib/gcc/avr/4.3.3/avr5\libgcc.a(_sf_to_si.o)
                              d:/college projects/imt embedded diploma/embedded tools/imt_sdk_win_64/winavr/bin/../lib/gcc/avr/4.3.3/avr5\libgcc.a(_fixunssfsi.o) (__fixsfsi)
d:/college projects/imt embedded diploma/embedded tools/imt_sdk_win_64/winavr/bin/../lib/gcc/avr/4.3.3/avr5\libgcc.a(_thenan_sf.o)
                              d:/college projects/imt embedded diploma/embedded tools/imt_sdk_win_64/winavr/bin/../lib/gcc/avr/4.3.3/avr5\libgcc.a(_addsub_sf.o) (__thenan_sf)
d:/college projects/imt embedded diploma/embedded tools/imt_sdk_win_64/winavr/bin/../lib/gcc/avr/4.3.3/avr5\libgcc.a(_prologue.o)
                              d:/college projects/imt embedded diploma/embedded tools/imt_sdk_win_64/winavr/bin/../lib/gcc/avr/4.3.3/avr5\libgcc.a(_addsub_sf.o) (__prologue_saves__)
d:/college projects/imt embedded diploma/embedded tools/imt_sdk_win_64/winavr/bin/../lib/gcc/avr/4.3.3/avr5\libgcc.a(_epilogue.o)
                              d:/college projects/imt embedded diploma/embedded tools/imt_sdk_win_64/winavr/bin/../lib/gcc/avr/4.3.3/avr5\libgcc.a(_addsub_sf.o) (__epilogue_restores__)
d:/college projects/imt embedded diploma/embedded tools/imt_sdk_win_64/winavr/bin/../lib/gcc/avr/4.3.3/avr5\libgcc.a(_pack_sf.o)
                              d:/college projects/imt embedded diploma/embedded tools/imt_sdk_win_64/winavr/bin/../lib/gcc/avr/4.3.3/avr5\libgcc.a(_addsub_sf.o) (__pack_f)
d:/college projects/imt embedded diploma/embedded tools/imt_sdk_win_64/winavr/bin/../lib/gcc/avr/4.3.3/avr5\libgcc.a(_unpack_sf.o)
                              d:/college projects/imt embedded diploma/embedded tools/imt_sdk_win_64/winavr/bin/../lib/gcc/avr/4.3.3/avr5\libgcc.a(_addsub_sf.o) (__unpack_f)
d:/college projects/imt embedded diploma/embedded tools/imt_sdk_win_64/winavr/bin/../lib/gcc/avr/4.3.3/avr5\libgcc.a(_fpcmp_parts_sf.o)
                              d:/college projects/imt embedded diploma/embedded tools/imt_sdk_win_64/winavr/bin/../lib/gcc/avr/4.3.3/avr5\libgcc.a(_gt_sf.o) (__fpcmp_parts_f)

Allocating common symbols
Common symbol       size              file

compare_value_1     0x1               ./services/show/show.o
compare_cnt         0x2               ./mcal/TIMER/TIMER_prog.o
sound_buffer        0xf               ./services/show/show.o
sensor_reads        0x10              ./app/logic.o
ready_flag_glob     0x2               ./services/show/show.o
word_location_buffer
                    0xa               ./app/logic.o
compare_cnt1        0x2               ./mcal/TIMER1/TIMER1_prog.o
word_location       0xa               ./app/logic.o

Memory Configuration

Name             Origin             Length             Attributes
text             0x00000000         0x00020000         xr
data             0x00800060         0x0000ffa0         rw !x
eeprom           0x00810000         0x00010000         rw !x
fuse             0x00820000         0x00000400         rw !x
lock             0x00830000         0x00000400         rw !x
signature        0x00840000         0x00000400         rw !x
*default*        0x00000000         0xffffffff

Linker script and memory map

LOAD d:/college projects/imt embedded diploma/embedded tools/imt_sdk_win_64/winavr/bin/../lib/gcc/avr/4.3.3/../../../../avr/lib/avr5/crtm32.o
LOAD ./services/show/show.o
LOAD ./services/glove_handler/glove_prog.o
LOAD ./services/get_word_sound/get_word_sound.o
LOAD ./mcal/global_interrupt_driver/global_interrupt_prog.o
LOAD ./mcal/dio_driver/dio_prog.o
LOAD ./mcal/adc_driver/adc_prog.o
LOAD ./mcal/UART_DRIVER/UART.o
LOAD ./mcal/TIMER1/TIMER1_prog.o
LOAD ./mcal/TIMER/TIMER_prog.o
LOAD ./hal/tilt_sensor_driver/tilt_sensor_prog.o
LOAD ./hal/lcd_handler/lcd_proj.o
LOAD ./hal/flex_sensor_driver/flex_sensor_proj.o
LOAD ./hal/M16P_handler/M16P.o
LOAD ./app/logic.o
LOAD d:/college projects/imt embedded diploma/embedded tools/imt_sdk_win_64/winavr/bin/../lib/gcc/avr/4.3.3/avr5\libgcc.a
LOAD d:/college projects/imt embedded diploma/embedded tools/imt_sdk_win_64/winavr/bin/../lib/gcc/avr/4.3.3/../../../../avr/lib/avr5\libc.a
LOAD d:/college projects/imt embedded diploma/embedded tools/imt_sdk_win_64/winavr/bin/../lib/gcc/avr/4.3.3/avr5\libgcc.a

.hash
 *(.hash)

.dynsym
 *(.dynsym)

.dynstr
 *(.dynstr)

.gnu.version
 *(.gnu.version)

.gnu.version_d
 *(.gnu.version_d)

.gnu.version_r
 *(.gnu.version_r)

.rel.init
 *(.rel.init)

.rela.init
 *(.rela.init)

.rel.text
 *(.rel.text)
 *(.rel.text.*)
 *(.rel.gnu.linkonce.t*)

.rela.text
 *(.rela.text)
 *(.rela.text.*)
 *(.rela.gnu.linkonce.t*)

.rel.fini
 *(.rel.fini)

.rela.fini
 *(.rela.fini)

.rel.rodata
 *(.rel.rodata)
 *(.rel.rodata.*)
 *(.rel.gnu.linkonce.r*)

.rela.rodata
 *(.rela.rodata)
 *(.rela.rodata.*)
 *(.rela.gnu.linkonce.r*)

.rel.data
 *(.rel.data)
 *(.rel.data.*)
 *(.rel.gnu.linkonce.d*)

.rela.data
 *(.rela.data)
 *(.rela.data.*)
 *(.rela.gnu.linkonce.d*)

.rel.ctors
 *(.rel.ctors)

.rela.ctors
 *(.rela.ctors)

.rel.dtors
 *(.rel.dtors)

.rela.dtors
 *(.rela.dtors)

.rel.got
 *(.rel.got)

.rela.got
 *(.rela.got)

.rel.bss
 *(.rel.bss)

.rela.bss
 *(.rela.bss)

.rel.plt
 *(.rel.plt)

.rela.plt
 *(.rela.plt)

.text           0x00000000     0x3bbc
 *(.vectors)
 .vectors       0x00000000       0x54 d:/college projects/imt embedded diploma/embedded tools/imt_sdk_win_64/winavr/bin/../lib/gcc/avr/4.3.3/../../../../avr/lib/avr5/crtm32.o
                0x00000000                __vectors
                0x00000000                __vector_default
 *(.vectors)
 *(.progmem.gcc*)
 *(.progmem*)
                0x00000054                . = ALIGN (0x2)
                0x00000054                __trampolines_start = .
 *(.trampolines)
 .trampolines   0x00000054        0x0 linker stubs
 *(.trampolines*)
                0x00000054                __trampolines_end = .
 *(.jumptables)
 *(.jumptables*)
 *(.lowtext)
 *(.lowtext*)
                0x00000054                __ctors_start = .
 *(.ctors)
                0x00000054                __ctors_end = .
                0x00000054                __dtors_start = .
 *(.dtors)
                0x00000054                __dtors_end = .
 SORT(*)(.ctors)
 SORT(*)(.dtors)
 *(.init0)
 .init0         0x00000054        0x0 d:/college projects/imt embedded diploma/embedded tools/imt_sdk_win_64/winavr/bin/../lib/gcc/avr/4.3.3/../../../../avr/lib/avr5/crtm32.o
                0x00000054                __init
 *(.init0)
 *(.init1)
 *(.init1)
 *(.init2)
 .init2         0x00000054        0xc d:/college projects/imt embedded diploma/embedded tools/imt_sdk_win_64/winavr/bin/../lib/gcc/avr/4.3.3/../../../../avr/lib/avr5/crtm32.o
 *(.init2)
 *(.init3)
 *(.init3)
 *(.init4)
 .init4         0x00000060       0x16 d:/college projects/imt embedded diploma/embedded tools/imt_sdk_win_64/winavr/bin/../lib/gcc/avr/4.3.3/avr5\libgcc.a(_copy_data.o)
                0x00000060                __do_copy_data
 .init4         0x00000076       0x10 d:/college projects/imt embedded diploma/embedded tools/imt_sdk_win_64/winavr/bin/../lib/gcc/avr/4.3.3/avr5\libgcc.a(_clear_bss.o)
                0x00000076                __do_clear_bss
 *(.init4)
 *(.init5)
 *(.init5)
 *(.init6)
 *(.init6)
 *(.init7)
 *(.init7)
 *(.init8)
 *(.init8)
 *(.init9)
 .init9         0x00000086        0x8 d:/college projects/imt embedded diploma/embedded tools/imt_sdk_win_64/winavr/bin/../lib/gcc/avr/4.3.3/../../../../avr/lib/avr5/crtm32.o
 *(.init9)
 *(.text)
 .text          0x0000008e        0x4 d:/college projects/imt embedded diploma/embedded tools/imt_sdk_win_64/winavr/bin/../lib/gcc/avr/4.3.3/../../../../avr/lib/avr5/crtm32.o
                0x0000008e                __vector_1
                0x0000008e                __vector_12
                0x0000008e                __bad_interrupt
                0x0000008e                __vector_6
                0x0000008e                __vector_3
                0x0000008e                __vector_13
                0x0000008e                __vector_17
                0x0000008e                __vector_19
                0x0000008e                __vector_5
                0x0000008e                __vector_4
                0x0000008e                __vector_2
                0x0000008e                __vector_15
                0x0000008e                __vector_8
                0x0000008e                __vector_14
                0x0000008e                __vector_18
                0x0000008e                __vector_20
 .text          0x00000092        0x0 ./services/show/show.o
 .text          0x00000092        0x0 ./services/glove_handler/glove_prog.o
 .text          0x00000092        0x0 ./services/get_word_sound/get_word_sound.o
 .text          0x00000092        0x0 ./mcal/global_interrupt_driver/global_interrupt_prog.o
 .text          0x00000092        0x0 ./mcal/dio_driver/dio_prog.o
 .text          0x00000092        0x0 ./mcal/adc_driver/adc_prog.o
 .text          0x00000092        0x0 ./mcal/UART_DRIVER/UART.o
 .text          0x00000092        0x0 ./mcal/TIMER1/TIMER1_prog.o
 .text          0x00000092        0x0 ./mcal/TIMER/TIMER_prog.o
 .text          0x00000092        0x0 ./hal/tilt_sensor_driver/tilt_sensor_prog.o
 .text          0x00000092        0x0 ./hal/lcd_handler/lcd_proj.o
 .text          0x00000092        0x0 ./hal/flex_sensor_driver/flex_sensor_proj.o
 .text          0x00000092        0x0 ./hal/M16P_handler/M16P.o
 .text          0x00000092        0x0 ./app/logic.o
 .text          0x00000092        0x0 d:/college projects/imt embedded diploma/embedded tools/imt_sdk_win_64/winavr/bin/../lib/gcc/avr/4.3.3/avr5\libgcc.a(_mulsi3.o)
 .text          0x00000092        0x0 d:/college projects/imt embedded diploma/embedded tools/imt_sdk_win_64/winavr/bin/../lib/gcc/avr/4.3.3/avr5\libgcc.a(_udivmodqi4.o)
 .text          0x00000092        0x0 d:/college projects/imt embedded diploma/embedded tools/imt_sdk_win_64/winavr/bin/../lib/gcc/avr/4.3.3/avr5\libgcc.a(_udivmodhi4.o)
 .text          0x00000092        0x0 d:/college projects/imt embedded diploma/embedded tools/imt_sdk_win_64/winavr/bin/../lib/gcc/avr/4.3.3/avr5\libgcc.a(_udivmodsi4.o)
 .text          0x00000092        0x0 d:/college projects/imt embedded diploma/embedded tools/imt_sdk_win_64/winavr/bin/../lib/gcc/avr/4.3.3/avr5\libgcc.a(_exit.o)
 .text          0x00000092        0x0 d:/college projects/imt embedded diploma/embedded tools/imt_sdk_win_64/winavr/bin/../lib/gcc/avr/4.3.3/avr5\libgcc.a(_copy_data.o)
 .text          0x00000092        0x0 d:/college projects/imt embedded diploma/embedded tools/imt_sdk_win_64/winavr/bin/../lib/gcc/avr/4.3.3/avr5\libgcc.a(_clear_bss.o)
 .text          0x00000092       0x58 d:/college projects/imt embedded diploma/embedded tools/imt_sdk_win_64/winavr/bin/../lib/gcc/avr/4.3.3/avr5\libgcc.a(_fixunssfsi.o)
                0x00000092                __fixunssfsi
 .text          0x000000ea      0x354 d:/college projects/imt embedded diploma/embedded tools/imt_sdk_win_64/winavr/bin/../lib/gcc/avr/4.3.3/avr5\libgcc.a(_addsub_sf.o)
                0x00000382                __subsf3
                0x000003e4                __addsf3
 .text          0x0000043e      0x1f4 d:/college projects/imt embedded diploma/embedded tools/imt_sdk_win_64/winavr/bin/../lib/gcc/avr/4.3.3/avr5\libgcc.a(_mul_sf.o)
                0x0000043e                __mulsf3
 .text          0x00000632       0x60 d:/college projects/imt embedded diploma/embedded tools/imt_sdk_win_64/winavr/bin/../lib/gcc/avr/4.3.3/avr5\libgcc.a(_gt_sf.o)
                0x00000632                __gtsf2
 .text          0x00000692       0x60 d:/college projects/imt embedded diploma/embedded tools/imt_sdk_win_64/winavr/bin/../lib/gcc/avr/4.3.3/avr5\libgcc.a(_ge_sf.o)
                0x00000692                __gesf2
 .text          0x000006f2       0x60 d:/college projects/imt embedded diploma/embedded tools/imt_sdk_win_64/winavr/bin/../lib/gcc/avr/4.3.3/avr5\libgcc.a(_lt_sf.o)
                0x000006f2                __ltsf2
 .text          0x00000752       0xa8 d:/college projects/imt embedded diploma/embedded tools/imt_sdk_win_64/winavr/bin/../lib/gcc/avr/4.3.3/avr5\libgcc.a(_sf_to_si.o)
                0x00000752                __fixsfsi
 .text          0x000007fa        0x0 d:/college projects/imt embedded diploma/embedded tools/imt_sdk_win_64/winavr/bin/../lib/gcc/avr/4.3.3/avr5\libgcc.a(_thenan_sf.o)
 .text          0x000007fa        0x0 d:/college projects/imt embedded diploma/embedded tools/imt_sdk_win_64/winavr/bin/../lib/gcc/avr/4.3.3/avr5\libgcc.a(_prologue.o)
 .text          0x000007fa        0x0 d:/college projects/imt embedded diploma/embedded tools/imt_sdk_win_64/winavr/bin/../lib/gcc/avr/4.3.3/avr5\libgcc.a(_epilogue.o)
 .text          0x000007fa      0x1aa d:/college projects/imt embedded diploma/embedded tools/imt_sdk_win_64/winavr/bin/../lib/gcc/avr/4.3.3/avr5\libgcc.a(_pack_sf.o)
                0x000007fa                __pack_f
 .text          0x000009a4       0xf0 d:/college projects/imt embedded diploma/embedded tools/imt_sdk_win_64/winavr/bin/../lib/gcc/avr/4.3.3/avr5\libgcc.a(_unpack_sf.o)
                0x000009a4                __unpack_f
 .text          0x00000a94       0xb2 d:/college projects/imt embedded diploma/embedded tools/imt_sdk_win_64/winavr/bin/../lib/gcc/avr/4.3.3/avr5\libgcc.a(_fpcmp_parts_sf.o)
                0x00000a94                __fpcmp_parts_f
                0x00000b46                . = ALIGN (0x2)
 *(.text.*)
 .text.SHOW_vidShowAndPlayInit
                0x00000b46       0x42 ./services/show/show.o
                0x00000b46                SHOW_vidShowAndPlayInit
 .text.SHOW_vidShowAndPlay
                0x00000b88      0x1da ./services/show/show.o
                0x00000b88                SHOW_vidShowAndPlay
 .text.callback
                0x00000d62       0xc4 ./services/show/show.o
                0x00000d62                callback
 .text.GLOVE_vidCallBack
                0x00000e26       0xf2 ./services/glove_handler/glove_prog.o
                0x00000e26                GLOVE_vidCallBack
 .text.GLOVE_vidSensorsInit
                0x00000f18       0x28 ./services/glove_handler/glove_prog.o
                0x00000f18                GLOVE_vidSensorsInit
 .text.GLOVE_vidSetGloveParams
                0x00000f40       0x38 ./services/glove_handler/glove_prog.o
                0x00000f40                GLOVE_vidSetGloveParams
 .text.GLOVE_vidGetHandRead
                0x00000f78       0x74 ./services/glove_handler/glove_prog.o
                0x00000f78                GLOVE_vidGetHandRead
 .text.GET_vidGetWordAndSound
                0x00000fec      0x114 ./services/get_word_sound/get_word_sound.o
                0x00000fec                GET_vidGetWordAndSound
 .text.GLOBAL_INTERRUPT_vidGlobalInterruptEnable
                0x00001100       0x54 ./mcal/global_interrupt_driver/global_interrupt_prog.o
                0x00001100                GLOBAL_INTERRUPT_vidGlobalInterruptEnable
 .text.DIO_u8SetPinMode
                0x00001154      0x202 ./mcal/dio_driver/dio_prog.o
                0x00001154                DIO_u8SetPinMode
 .text.DIO_u8SetPinValue
                0x00001356      0x202 ./mcal/dio_driver/dio_prog.o
                0x00001356                DIO_u8SetPinValue
 .text.DIO_u8GetPinValue
                0x00001558      0x126 ./mcal/dio_driver/dio_prog.o
                0x00001558                DIO_u8GetPinValue
 .text.DIO_u8IsPinOutPut
                0x0000167e      0x126 ./mcal/dio_driver/dio_prog.o
                0x0000167e                DIO_u8IsPinOutPut
 .text.DIO_u8SetPullUpMode
                0x000017a4      0x1f2 ./mcal/dio_driver/dio_prog.o
                0x000017a4                DIO_u8SetPullUpMode
 .text.DIO_u8SetPortMode
                0x00001996       0x90 ./mcal/dio_driver/dio_prog.o
                0x00001996                DIO_u8SetPortMode
 .text.DIO_u8SetPortValue
                0x00001a26       0x90 ./mcal/dio_driver/dio_prog.o
                0x00001a26                DIO_u8SetPortValue
 .text.DIO_u8GetPortValue
                0x00001ab6       0xa4 ./mcal/dio_driver/dio_prog.o
                0x00001ab6                DIO_u8GetPortValue
 .text.DIO_u8SetPortPullUpMode
                0x00001b5a       0x90 ./mcal/dio_driver/dio_prog.o
                0x00001b5a                DIO_u8SetPortPullUpMode
 .text.ADC_vidAdcInit
                0x00001bea      0x102 ./mcal/adc_driver/adc_prog.o
                0x00001bea                ADC_vidAdcInit
 .text.ADC_vidAdcPinInit
                0x00001cec       0x90 ./mcal/adc_driver/adc_prog.o
                0x00001cec                ADC_vidAdcPinInit
 .text.ADC_vidAdcGetRead
                0x00001d7c       0x28 ./mcal/adc_driver/adc_prog.o
                0x00001d7c                ADC_vidAdcGetRead
 .text.ADC_vidGetAutoTriggerRead
                0x00001da4        0xe ./mcal/adc_driver/adc_prog.o
                0x00001da4                ADC_vidGetAutoTriggerRead
 .text.ADC_VIDSetAutoTriggerMode
                0x00001db2       0x4a ./mcal/adc_driver/adc_prog.o
                0x00001db2                ADC_VIDSetAutoTriggerMode
 .text.ADC_vidSetReadingVariable
                0x00001dfc       0x24 ./mcal/adc_driver/adc_prog.o
                0x00001dfc                ADC_vidSetReadingVariable
 .text.ADC_vidSetCallBack
                0x00001e20       0x24 ./mcal/adc_driver/adc_prog.o
                0x00001e20                ADC_vidSetCallBack
 .text.__vector_16
                0x00001e44       0x88 ./mcal/adc_driver/adc_prog.o
                0x00001e44                __vector_16
 .text.ADC_vidSetMultiPlexer
                0x00001ecc      0x2cc ./mcal/adc_driver/adc_prog.o
 .text.UART_Init
                0x00002198       0x7c ./mcal/UART_DRIVER/UART.o
                0x00002198                UART_Init
 .text.UART_Transmit
                0x00002214       0x34 ./mcal/UART_DRIVER/UART.o
                0x00002214                UART_Transmit
 .text.UART_Receive
                0x00002248       0x1e ./mcal/UART_DRIVER/UART.o
                0x00002248                UART_Receive
 .text.TIMER1_voidInit
                0x00002266       0x70 ./mcal/TIMER1/TIMER1_prog.o
                0x00002266                TIMER1_voidInit
 .text.TIMER1_voidDisable
                0x000022d6       0x1c ./mcal/TIMER1/TIMER1_prog.o
                0x000022d6                TIMER1_voidDisable
 .text.TIMER1_uint8SetPrescaler
                0x000022f2       0x44 ./mcal/TIMER1/TIMER1_prog.o
                0x000022f2                TIMER1_uint8SetPrescaler
 .text.TIMER1_voidSetCounterRegister
                0x00002336       0x1c ./mcal/TIMER1/TIMER1_prog.o
                0x00002336                TIMER1_voidSetCounterRegister
 .text.TIMER1_voidSetCTCTime
                0x00002352       0x1c ./mcal/TIMER1/TIMER1_prog.o
                0x00002352                TIMER1_voidSetCTCTime
 .text.TIMER1_voidGetNumCountCTC
                0x0000236e       0x6e ./mcal/TIMER1/TIMER1_prog.o
                0x0000236e                TIMER1_voidGetNumCountCTC
 .text.TIMER1_voidSetCallBackNormal
                0x000023dc       0x24 ./mcal/TIMER1/TIMER1_prog.o
                0x000023dc                TIMER1_voidSetCallBackNormal
 .text.TIMER1_voidSetCallBackCTC
                0x00002400       0x24 ./mcal/TIMER1/TIMER1_prog.o
                0x00002400                TIMER1_voidSetCallBackCTC
 .text.__vector_7
                0x00002424       0x96 ./mcal/TIMER1/TIMER1_prog.o
                0x00002424                __vector_7
 .text.__vector_9
                0x000024ba       0x66 ./mcal/TIMER1/TIMER1_prog.o
                0x000024ba                __vector_9
 .text.TIMER_voidInit
                0x00002520       0x54 ./mcal/TIMER/TIMER_prog.o
                0x00002520                TIMER_voidInit
 .text.TIMER_voidDisable
                0x00002574       0x1c ./mcal/TIMER/TIMER_prog.o
                0x00002574                TIMER_voidDisable
 .text.TIMER_uint8SetPrescaler
                0x00002590       0x44 ./mcal/TIMER/TIMER_prog.o
                0x00002590                TIMER_uint8SetPrescaler
 .text.TIMER_voidSetCounterRegister
                0x000025d4       0x1c ./mcal/TIMER/TIMER_prog.o
                0x000025d4                TIMER_voidSetCounterRegister
 .text.TIMER_voidSetCTCTime
                0x000025f0       0x1c ./mcal/TIMER/TIMER_prog.o
                0x000025f0                TIMER_voidSetCTCTime
 .text.TIMER_voidGetNumCountCTC
                0x0000260c       0x6e ./mcal/TIMER/TIMER_prog.o
                0x0000260c                TIMER_voidGetNumCountCTC
 .text.TIMER_voidSetCallBackNormal
                0x0000267a       0x24 ./mcal/TIMER/TIMER_prog.o
                0x0000267a                TIMER_voidSetCallBackNormal
 .text.TIMER_voidSetCallBackCTC
                0x0000269e       0x24 ./mcal/TIMER/TIMER_prog.o
                0x0000269e                TIMER_voidSetCallBackCTC
 .text.__vector_11
                0x000026c2       0x66 ./mcal/TIMER/TIMER_prog.o
                0x000026c2                __vector_11
 .text.__vector_10
                0x00002728       0x96 ./mcal/TIMER/TIMER_prog.o
                0x00002728                __vector_10
 .text.TILT_vidInit
                0x000027be       0x90 ./hal/tilt_sensor_driver/tilt_sensor_prog.o
                0x000027be                TILT_vidInit
 .text.TILT_vidGetTiltRead
                0x0000284e       0x50 ./hal/tilt_sensor_driver/tilt_sensor_prog.o
                0x0000284e                TILT_vidGetTiltRead
 .text.TILT_vidGetAllTiltRead
                0x0000289e       0x7e ./hal/tilt_sensor_driver/tilt_sensor_prog.o
                0x0000289e                TILT_vidGetAllTiltRead
 .text.LCD_vidWriteData
                0x0000291c      0x13c ./hal/lcd_handler/lcd_proj.o
                0x0000291c                LCD_vidWriteData
 .text.LCD_vidWriteCmd
                0x00002a58      0x13c ./hal/lcd_handler/lcd_proj.o
                0x00002a58                LCD_vidWriteCmd
 .text.LCD_vidInit
                0x00002b94      0x3f4 ./hal/lcd_handler/lcd_proj.o
                0x00002b94                LCD_vidInit
 .text.LCD_vidDisplayString
                0x00002f88       0x5e ./hal/lcd_handler/lcd_proj.o
                0x00002f88                LCD_vidDisplayString
 .text.LCD_vidNewLine
                0x00002fe6       0x14 ./hal/lcd_handler/lcd_proj.o
                0x00002fe6                LCD_vidNewLine
 .text.LCD_vidDisplayStringLeftShift
                0x00002ffa      0x158 ./hal/lcd_handler/lcd_proj.o
                0x00002ffa                LCD_vidDisplayStringLeftShift
 .text.LCD_vidDisplayStringRightShift
                0x00003152      0x158 ./hal/lcd_handler/lcd_proj.o
                0x00003152                LCD_vidDisplayStringRightShift
 .text.LCD_vidClearDisplay
                0x000032aa       0x14 ./hal/lcd_handler/lcd_proj.o
                0x000032aa                LCD_vidClearDisplay
 .text.LCD_vidGoTo
                0x000032be       0x4c ./hal/lcd_handler/lcd_proj.o
                0x000032be                LCD_vidGoTo
 .text.LCD_vidSetCursor
                0x0000330a       0x26 ./hal/lcd_handler/lcd_proj.o
                0x0000330a                LCD_vidSetCursor
 .text.LCD_vidWriteInteger
                0x00003330      0x12e ./hal/lcd_handler/lcd_proj.o
                0x00003330                LCD_vidWriteInteger
 .text.FLEX_vidFlexInit
                0x0000345e       0x20 ./hal/flex_sensor_driver/flex_sensor_proj.o
                0x0000345e                FLEX_vidFlexInit
 .text.FLEX_vidGetFlexRead
                0x0000347e       0x2c ./hal/flex_sensor_driver/flex_sensor_proj.o
                0x0000347e                FLEX_vidGetFlexRead
 .text.FLEX_vidSetCallBack
                0x000034aa       0x20 ./hal/flex_sensor_driver/flex_sensor_proj.o
                0x000034aa                FLEX_vidSetCallBack
 .text.M16P_vidInit
                0x000034ca       0x24 ./hal/M16P_handler/M16P.o
                0x000034ca                M16P_vidInit
 .text.M16P_vidSetReply
                0x000034ee       0x22 ./hal/M16P_handler/M16P.o
                0x000034ee                M16P_vidSetReply
 .text.M16P_vidFillBufUint16
                0x00003510       0x3c ./hal/M16P_handler/M16P.o
 .text.M16P_Uu16GetCheckSum
                0x0000354c       0x70 ./hal/M16P_handler/M16P.o
 .text.M16P_vidFillCheckSum
                0x000035bc       0x2e ./hal/M16P_handler/M16P.o
 .text.M16P_vidSendFunc
                0x000035ea       0x3e ./hal/M16P_handler/M16P.o
 .text.M16P_vidSendCmd
                0x00003628       0x42 ./hal/M16P_handler/M16P.o
 .text.M16P_vidSendCmdSingleArg
                0x0000366a       0x3a ./hal/M16P_handler/M16P.o
 .text.M16P_vidSendCmdNoArg
                0x000036a4       0x2e ./hal/M16P_handler/M16P.o
 .text.M16P_vidPlayTrack
                0x000036d2       0x24 ./hal/M16P_handler/M16P.o
                0x000036d2                M16P_vidPlayTrack
 .text.M16P_vidNextTrack
                0x000036f6       0x14 ./hal/M16P_handler/M16P.o
                0x000036f6                M16P_vidNextTrack
 .text.M16P_vidPreviousTrack
                0x0000370a       0x14 ./hal/M16P_handler/M16P.o
                0x0000370a                M16P_vidPreviousTrack
 .text.M16P_vidSetVolume
                0x0000371e       0x24 ./hal/M16P_handler/M16P.o
                0x0000371e                M16P_vidSetVolume
 .text.M16P_vidSetEQ
                0x00003742       0x24 ./hal/M16P_handler/M16P.o
                0x00003742                M16P_vidSetEQ
 .text.M16P_vidSetPlaybackSource
                0x00003766       0x24 ./hal/M16P_handler/M16P.o
                0x00003766                M16P_vidSetPlaybackSource
 .text.M16P_vidSleep
                0x0000378a       0x14 ./hal/M16P_handler/M16P.o
                0x0000378a                M16P_vidSleep
 .text.M16P_vidReset
                0x0000379e       0x14 ./hal/M16P_handler/M16P.o
                0x0000379e                M16P_vidReset
 .text.M16P_vidPlayback
                0x000037b2       0x14 ./hal/M16P_handler/M16P.o
                0x000037b2                M16P_vidPlayback
 .text.M16P_vidPause
                0x000037c6       0x14 ./hal/M16P_handler/M16P.o
                0x000037c6                M16P_vidPause
 .text.M16P_vidPlayFileInFolder
                0x000037da       0x32 ./hal/M16P_handler/M16P.o
                0x000037da                M16P_vidPlayFileInFolder
 .text.M16P_vidPlayByNumber
                0x0000380c       0x24 ./hal/M16P_handler/M16P.o
                0x0000380c                M16P_vidPlayByNumber
 .text.M16P_vidGetState
                0x00003830       0x14 ./hal/M16P_handler/M16P.o
                0x00003830                M16P_vidGetState
 .text.M16P_vidGetVolume
                0x00003844       0x14 ./hal/M16P_handler/M16P.o
                0x00003844                M16P_vidGetVolume
 .text.M16P_vidGetUSum
                0x00003858       0x14 ./hal/M16P_handler/M16P.o
                0x00003858                M16P_vidGetUSum
 .text.M16P_vidGetTFSum
                0x0000386c       0x14 ./hal/M16P_handler/M16P.o
                0x0000386c                M16P_vidGetTFSum
 .text.M16P_vidGetFlashSum
                0x00003880       0x14 ./hal/M16P_handler/M16P.o
                0x00003880                M16P_vidGetFlashSum
 .text.M16P_vidGetTFCurrent
                0x00003894       0x14 ./hal/M16P_handler/M16P.o
                0x00003894                M16P_vidGetTFCurrent
 .text.M16P_vidGetUCurrent
                0x000038a8       0x14 ./hal/M16P_handler/M16P.o
                0x000038a8                M16P_vidGetUCurrent
 .text.M16P_vidGetFlashCurrent
                0x000038bc       0x14 ./hal/M16P_handler/M16P.o
                0x000038bc                M16P_vidGetFlashCurrent
 .text.M16P_u8GetDataBuffer
                0x000038d0       0x66 ./hal/M16P_handler/M16P.o
                0x000038d0                M16P_u8GetDataBuffer
 .text.main     0x00003936       0x70 ./app/logic.o
                0x00003936                main
 .text.get_word
                0x000039a6       0xe2 ./app/logic.o
                0x000039a6                get_word
 .text.libgcc   0x00003a88       0x3e d:/college projects/imt embedded diploma/embedded tools/imt_sdk_win_64/winavr/bin/../lib/gcc/avr/4.3.3/avr5\libgcc.a(_mulsi3.o)
                0x00003a88                __mulsi3
 .text.libgcc   0x00003ac6       0x18 d:/college projects/imt embedded diploma/embedded tools/imt_sdk_win_64/winavr/bin/../lib/gcc/avr/4.3.3/avr5\libgcc.a(_udivmodqi4.o)
                0x00003ac6                __udivmodqi4
 .text.libgcc   0x00003ade       0x28 d:/college projects/imt embedded diploma/embedded tools/imt_sdk_win_64/winavr/bin/../lib/gcc/avr/4.3.3/avr5\libgcc.a(_udivmodhi4.o)
                0x00003ade                __udivmodhi4
 .text.libgcc   0x00003b06       0x44 d:/college projects/imt embedded diploma/embedded tools/imt_sdk_win_64/winavr/bin/../lib/gcc/avr/4.3.3/avr5\libgcc.a(_udivmodsi4.o)
                0x00003b06                __udivmodsi4
 .text.libgcc   0x00003b4a        0x0 d:/college projects/imt embedded diploma/embedded tools/imt_sdk_win_64/winavr/bin/../lib/gcc/avr/4.3.3/avr5\libgcc.a(_exit.o)
 .text.libgcc   0x00003b4a        0x0 d:/college projects/imt embedded diploma/embedded tools/imt_sdk_win_64/winavr/bin/../lib/gcc/avr/4.3.3/avr5\libgcc.a(_copy_data.o)
 .text.libgcc   0x00003b4a        0x0 d:/college projects/imt embedded diploma/embedded tools/imt_sdk_win_64/winavr/bin/../lib/gcc/avr/4.3.3/avr5\libgcc.a(_clear_bss.o)
 .text.libgcc   0x00003b4a       0x38 d:/college projects/imt embedded diploma/embedded tools/imt_sdk_win_64/winavr/bin/../lib/gcc/avr/4.3.3/avr5\libgcc.a(_prologue.o)
                0x00003b4a                __prologue_saves__
 .text.libgcc   0x00003b82       0x36 d:/college projects/imt embedded diploma/embedded tools/imt_sdk_win_64/winavr/bin/../lib/gcc/avr/4.3.3/avr5\libgcc.a(_epilogue.o)
                0x00003b82                __epilogue_restores__
                0x00003bb8                . = ALIGN (0x2)
 *(.fini9)
 .fini9         0x00003bb8        0x0 d:/college projects/imt embedded diploma/embedded tools/imt_sdk_win_64/winavr/bin/../lib/gcc/avr/4.3.3/avr5\libgcc.a(_exit.o)
                0x00003bb8                exit
                0x00003bb8                _exit
 *(.fini9)
 *(.fini8)
 *(.fini8)
 *(.fini7)
 *(.fini7)
 *(.fini6)
 *(.fini6)
 *(.fini5)
 *(.fini5)
 *(.fini4)
 *(.fini4)
 *(.fini3)
 *(.fini3)
 *(.fini2)
 *(.fini2)
 *(.fini1)
 *(.fini1)
 *(.fini0)
 .fini0         0x00003bb8        0x4 d:/college projects/imt embedded diploma/embedded tools/imt_sdk_win_64/winavr/bin/../lib/gcc/avr/4.3.3/avr5\libgcc.a(_exit.o)
 *(.fini0)
                0x00003bbc                _etext = .

.data           0x00800060      0x35e load address 0x00003bbc
                0x00800060                PROVIDE (__data_start, .)
 *(.data)
 .data          0x00800060        0x0 d:/college projects/imt embedded diploma/embedded tools/imt_sdk_win_64/winavr/bin/../lib/gcc/avr/4.3.3/../../../../avr/lib/avr5/crtm32.o
 .data          0x00800060        0x0 ./services/show/show.o
 .data          0x00800060        0x0 ./services/glove_handler/glove_prog.o
 .data          0x00800060        0x0 ./services/get_word_sound/get_word_sound.o
 .data          0x00800060        0x0 ./mcal/global_interrupt_driver/global_interrupt_prog.o
 .data          0x00800060        0x0 ./mcal/dio_driver/dio_prog.o
 .data          0x00800060        0x0 ./mcal/adc_driver/adc_prog.o
 .data          0x00800060        0x0 ./mcal/UART_DRIVER/UART.o
 .data          0x00800060        0x0 ./mcal/TIMER1/TIMER1_prog.o
 .data          0x00800060        0x0 ./mcal/TIMER/TIMER_prog.o
 .data          0x00800060        0x0 ./hal/tilt_sensor_driver/tilt_sensor_prog.o
 .data          0x00800060        0x0 ./hal/lcd_handler/lcd_proj.o
 .data          0x00800060        0x0 ./hal/flex_sensor_driver/flex_sensor_proj.o
 .data          0x00800060        0x0 ./hal/M16P_handler/M16P.o
 .data          0x00800060        0x4 ./app/logic.o
 .data          0x00800064        0x0 d:/college projects/imt embedded diploma/embedded tools/imt_sdk_win_64/winavr/bin/../lib/gcc/avr/4.3.3/avr5\libgcc.a(_mulsi3.o)
 .data          0x00800064        0x0 d:/college projects/imt embedded diploma/embedded tools/imt_sdk_win_64/winavr/bin/../lib/gcc/avr/4.3.3/avr5\libgcc.a(_udivmodqi4.o)
 .data          0x00800064        0x0 d:/college projects/imt embedded diploma/embedded tools/imt_sdk_win_64/winavr/bin/../lib/gcc/avr/4.3.3/avr5\libgcc.a(_udivmodhi4.o)
 .data          0x00800064        0x0 d:/college projects/imt embedded diploma/embedded tools/imt_sdk_win_64/winavr/bin/../lib/gcc/avr/4.3.3/avr5\libgcc.a(_udivmodsi4.o)
 .data          0x00800064        0x0 d:/college projects/imt embedded diploma/embedded tools/imt_sdk_win_64/winavr/bin/../lib/gcc/avr/4.3.3/avr5\libgcc.a(_exit.o)
 .data          0x00800064        0x0 d:/college projects/imt embedded diploma/embedded tools/imt_sdk_win_64/winavr/bin/../lib/gcc/avr/4.3.3/avr5\libgcc.a(_copy_data.o)
 .data          0x00800064        0x0 d:/college projects/imt embedded diploma/embedded tools/imt_sdk_win_64/winavr/bin/../lib/gcc/avr/4.3.3/avr5\libgcc.a(_clear_bss.o)
 .data          0x00800064        0x0 d:/college projects/imt embedded diploma/embedded tools/imt_sdk_win_64/winavr/bin/../lib/gcc/avr/4.3.3/avr5\libgcc.a(_fixunssfsi.o)
 .data          0x00800064        0x0 d:/college projects/imt embedded diploma/embedded tools/imt_sdk_win_64/winavr/bin/../lib/gcc/avr/4.3.3/avr5\libgcc.a(_addsub_sf.o)
 .data          0x00800064        0x0 d:/college projects/imt embedded diploma/embedded tools/imt_sdk_win_64/winavr/bin/../lib/gcc/avr/4.3.3/avr5\libgcc.a(_mul_sf.o)
 .data          0x00800064        0x0 d:/college projects/imt embedded diploma/embedded tools/imt_sdk_win_64/winavr/bin/../lib/gcc/avr/4.3.3/avr5\libgcc.a(_gt_sf.o)
 .data          0x00800064        0x0 d:/college projects/imt embedded diploma/embedded tools/imt_sdk_win_64/winavr/bin/../lib/gcc/avr/4.3.3/avr5\libgcc.a(_ge_sf.o)
 .data          0x00800064        0x0 d:/college projects/imt embedded diploma/embedded tools/imt_sdk_win_64/winavr/bin/../lib/gcc/avr/4.3.3/avr5\libgcc.a(_lt_sf.o)
 .data          0x00800064        0x0 d:/college projects/imt embedded diploma/embedded tools/imt_sdk_win_64/winavr/bin/../lib/gcc/avr/4.3.3/avr5\libgcc.a(_sf_to_si.o)
 .data          0x00800064        0x8 d:/college projects/imt embedded diploma/embedded tools/imt_sdk_win_64/winavr/bin/../lib/gcc/avr/4.3.3/avr5\libgcc.a(_thenan_sf.o)
                0x00800064                __thenan_sf
 .data          0x0080006c        0x0 d:/college projects/imt embedded diploma/embedded tools/imt_sdk_win_64/winavr/bin/../lib/gcc/avr/4.3.3/avr5\libgcc.a(_prologue.o)
 .data          0x0080006c        0x0 d:/college projects/imt embedded diploma/embedded tools/imt_sdk_win_64/winavr/bin/../lib/gcc/avr/4.3.3/avr5\libgcc.a(_epilogue.o)
 .data          0x0080006c        0x0 d:/college projects/imt embedded diploma/embedded tools/imt_sdk_win_64/winavr/bin/../lib/gcc/avr/4.3.3/avr5\libgcc.a(_pack_sf.o)
 .data          0x0080006c        0x0 d:/college projects/imt embedded diploma/embedded tools/imt_sdk_win_64/winavr/bin/../lib/gcc/avr/4.3.3/avr5\libgcc.a(_unpack_sf.o)
 .data          0x0080006c        0x0 d:/college projects/imt embedded diploma/embedded tools/imt_sdk_win_64/winavr/bin/../lib/gcc/avr/4.3.3/avr5\libgcc.a(_fpcmp_parts_sf.o)
 *(.data*)
 .data.outputs  0x0080006c       0x3c ./services/show/show.o
                0x0080006c                outputs
 .data.s1       0x008000a8        0x5 ./services/show/show.o
                0x008000a8                s1
 .data.s2       0x008000ad        0xd ./services/show/show.o
                0x008000ad                s2
 .data.s3       0x008000ba        0xb ./services/show/show.o
                0x008000ba                s3
 .data.s4       0x008000c5        0x8 ./services/show/show.o
                0x008000c5                s4
 .data.s5       0x008000cd        0x5 ./services/show/show.o
                0x008000cd                s5
 .data.s6       0x008000d2        0x9 ./services/show/show.o
                0x008000d2                s6
 .data.s7       0x008000db        0x3 ./services/show/show.o
                0x008000db                s7
 .data.s8       0x008000de        0x6 ./services/show/show.o
                0x008000de                s8
 .data.s9       0x008000e4        0x4 ./services/show/show.o
                0x008000e4                s9
 .data.s10      0x008000e8        0x8 ./services/show/show.o
                0x008000e8                s10
 .data.s11      0x008000f0        0x5 ./services/show/show.o
                0x008000f0                s11
 .data.s12      0x008000f5        0x5 ./services/show/show.o
                0x008000f5                s12
 .data.s13      0x008000fa        0x6 ./services/show/show.o
                0x008000fa                s13
 .data.s14      0x00800100        0xa ./services/show/show.o
                0x00800100                s14
 .data.s15      0x0080010a        0x8 ./services/show/show.o
                0x0080010a                s15
 .data.s16      0x00800112        0x6 ./services/show/show.o
                0x00800112                s16
 .data.s17      0x00800118        0x3 ./services/show/show.o
                0x00800118                s17
 .data.s18      0x0080011b        0x6 ./services/show/show.o
                0x0080011b                s18
 .data.s19      0x00800121        0x8 ./services/show/show.o
                0x00800121                s19
 .data.s20      0x00800129        0x8 ./services/show/show.o
                0x00800129                s20
 .data.strings  0x00800131       0x28 ./services/show/show.o
                0x00800131                strings
 .data.current_file.1354
                0x00800159        0x1 ./services/show/show.o
 .data.FLEX_SENSORS
                0x0080015a        0x8 ./services/glove_handler/glove_prog.o
                0x0080015a                FLEX_SENSORS
 .data.words    0x00800162      0x23c ./services/get_word_sound/get_word_sound.o
                0x00800162                words
 .data.ADC_PINS
                0x0080039e       0x10 ./mcal/adc_driver/adc_prog.o
                0x0080039e                ADC_PINS
 .data.tilt_pins
                0x008003ae        0x4 ./hal/tilt_sensor_driver/tilt_sensor_prog.o
                0x008003ae                tilt_pins
 .data.send_buf
                0x008003b2        0xa ./hal/M16P_handler/M16P.o
 .data.get_another_read_flag
                0x008003bc        0x1 ./app/logic.o
                0x008003bc                get_another_read_flag
 *(.rodata)
 *(.rodata*)
 *(.gnu.linkonce.d*)
                0x008003be                . = ALIGN (0x2)
 *fill*         0x008003bd        0x1 00
                0x008003be                _edata = .
                0x008003be                PROVIDE (__data_end, .)

.bss            0x008003be       0x5e
                0x008003be                PROVIDE (__bss_start, .)
 *(.bss)
 .bss           0x008003be        0x0 d:/college projects/imt embedded diploma/embedded tools/imt_sdk_win_64/winavr/bin/../lib/gcc/avr/4.3.3/../../../../avr/lib/avr5/crtm32.o
 .bss           0x008003be        0x0 ./services/show/show.o
 .bss           0x008003be        0x0 ./services/glove_handler/glove_prog.o
 .bss           0x008003be        0x0 ./services/get_word_sound/get_word_sound.o
 .bss           0x008003be        0x0 ./mcal/global_interrupt_driver/global_interrupt_prog.o
 .bss           0x008003be        0x0 ./mcal/dio_driver/dio_prog.o
 .bss           0x008003be        0x0 ./mcal/adc_driver/adc_prog.o
 .bss           0x008003be        0x0 ./mcal/UART_DRIVER/UART.o
 .bss           0x008003be        0x0 ./mcal/TIMER1/TIMER1_prog.o
 .bss           0x008003be        0x0 ./mcal/TIMER/TIMER_prog.o
 .bss           0x008003be        0x0 ./hal/tilt_sensor_driver/tilt_sensor_prog.o
 .bss           0x008003be        0x0 ./hal/lcd_handler/lcd_proj.o
 .bss           0x008003be        0x0 ./hal/flex_sensor_driver/flex_sensor_proj.o
 .bss           0x008003be        0x0 ./hal/M16P_handler/M16P.o
 .bss           0x008003be        0x0 ./app/logic.o
 .bss           0x008003be        0x0 d:/college projects/imt embedded diploma/embedded tools/imt_sdk_win_64/winavr/bin/../lib/gcc/avr/4.3.3/avr5\libgcc.a(_mulsi3.o)
 .bss           0x008003be        0x0 d:/college projects/imt embedded diploma/embedded tools/imt_sdk_win_64/winavr/bin/../lib/gcc/avr/4.3.3/avr5\libgcc.a(_udivmodqi4.o)
 .bss           0x008003be        0x0 d:/college projects/imt embedded diploma/embedded tools/imt_sdk_win_64/winavr/bin/../lib/gcc/avr/4.3.3/avr5\libgcc.a(_udivmodhi4.o)
 .bss           0x008003be        0x0 d:/college projects/imt embedded diploma/embedded tools/imt_sdk_win_64/winavr/bin/../lib/gcc/avr/4.3.3/avr5\libgcc.a(_udivmodsi4.o)
 .bss           0x008003be        0x0 d:/college projects/imt embedded diploma/embedded tools/imt_sdk_win_64/winavr/bin/../lib/gcc/avr/4.3.3/avr5\libgcc.a(_exit.o)
 .bss           0x008003be        0x0 d:/college projects/imt embedded diploma/embedded tools/imt_sdk_win_64/winavr/bin/../lib/gcc/avr/4.3.3/avr5\libgcc.a(_copy_data.o)
 .bss           0x008003be        0x0 d:/college projects/imt embedded diploma/embedded tools/imt_sdk_win_64/winavr/bin/../lib/gcc/avr/4.3.3/avr5\libgcc.a(_clear_bss.o)
 .bss           0x008003be        0x0 d:/college projects/imt embedded diploma/embedded tools/imt_sdk_win_64/winavr/bin/../lib/gcc/avr/4.3.3/avr5\libgcc.a(_fixunssfsi.o)
 .bss           0x008003be        0x0 d:/college projects/imt embedded diploma/embedded tools/imt_sdk_win_64/winavr/bin/../lib/gcc/avr/4.3.3/avr5\libgcc.a(_addsub_sf.o)
 .bss           0x008003be        0x0 d:/college projects/imt embedded diploma/embedded tools/imt_sdk_win_64/winavr/bin/../lib/gcc/avr/4.3.3/avr5\libgcc.a(_mul_sf.o)
 .bss           0x008003be        0x0 d:/college projects/imt embedded diploma/embedded tools/imt_sdk_win_64/winavr/bin/../lib/gcc/avr/4.3.3/avr5\libgcc.a(_gt_sf.o)
 .bss           0x008003be        0x0 d:/college projects/imt embedded diploma/embedded tools/imt_sdk_win_64/winavr/bin/../lib/gcc/avr/4.3.3/avr5\libgcc.a(_ge_sf.o)
 .bss           0x008003be        0x0 d:/college projects/imt embedded diploma/embedded tools/imt_sdk_win_64/winavr/bin/../lib/gcc/avr/4.3.3/avr5\libgcc.a(_lt_sf.o)
 .bss           0x008003be        0x0 d:/college projects/imt embedded diploma/embedded tools/imt_sdk_win_64/winavr/bin/../lib/gcc/avr/4.3.3/avr5\libgcc.a(_sf_to_si.o)
 .bss           0x008003be        0x0 d:/college projects/imt embedded diploma/embedded tools/imt_sdk_win_64/winavr/bin/../lib/gcc/avr/4.3.3/avr5\libgcc.a(_thenan_sf.o)
 .bss           0x008003be        0x0 d:/college projects/imt embedded diploma/embedded tools/imt_sdk_win_64/winavr/bin/../lib/gcc/avr/4.3.3/avr5\libgcc.a(_prologue.o)
 .bss           0x008003be        0x0 d:/college projects/imt embedded diploma/embedded tools/imt_sdk_win_64/winavr/bin/../lib/gcc/avr/4.3.3/avr5\libgcc.a(_epilogue.o)
 .bss           0x008003be        0x0 d:/college projects/imt embedded diploma/embedded tools/imt_sdk_win_64/winavr/bin/../lib/gcc/avr/4.3.3/avr5\libgcc.a(_pack_sf.o)
 .bss           0x008003be        0x0 d:/college projects/imt embedded diploma/embedded tools/imt_sdk_win_64/winavr/bin/../lib/gcc/avr/4.3.3/avr5\libgcc.a(_unpack_sf.o)
 .bss           0x008003be        0x0 d:/college projects/imt embedded diploma/embedded tools/imt_sdk_win_64/winavr/bin/../lib/gcc/avr/4.3.3/avr5\libgcc.a(_fpcmp_parts_sf.o)
 *(.bss*)
 .bss.sound_buffer_size
                0x008003be        0x1 ./services/show/show.o
                0x008003be                sound_buffer_size
 .bss.SENSOR_READ
                0x008003bf        0x2 ./services/glove_handler/glove_prog.o
                0x008003bf                SENSOR_READ
 .bss.NO_OF_FLEX_SENSORS
                0x008003c1        0x1 ./services/glove_handler/glove_prog.o
                0x008003c1                NO_OF_FLEX_SENSORS
 .bss.READ      0x008003c2        0x2 ./services/glove_handler/glove_prog.o
                0x008003c2                READ
 .bss.i         0x008003c4        0x2 ./services/glove_handler/glove_prog.o
                0x008003c4                i
 .bss.vector_16
                0x008003c6        0x2 ./mcal/adc_driver/adc_prog.o
                0x008003c6                vector_16
 .bss.ADC_READ  0x008003c8        0x2 ./mcal/adc_driver/adc_prog.o
                0x008003c8                ADC_READ
 .bss.TIMER1_voidpSetCallBackNormal
                0x008003ca        0x2 ./mcal/TIMER1/TIMER1_prog.o
                0x008003ca                TIMER1_voidpSetCallBackNormal
 .bss.TIMER1_voidpSetCallBackCTC
                0x008003cc        0x2 ./mcal/TIMER1/TIMER1_prog.o
                0x008003cc                TIMER1_voidpSetCallBackCTC
 .bss.cnt.1297  0x008003ce        0x2 ./mcal/TIMER1/TIMER1_prog.o
 .bss.TIMER_voidpSetCallBackNormal
                0x008003d0        0x2 ./mcal/TIMER/TIMER_prog.o
                0x008003d0                TIMER_voidpSetCallBackNormal
 .bss.TIMER_voidpSetCallBackCTC
                0x008003d2        0x2 ./mcal/TIMER/TIMER_prog.o
 .bss.cnt.1300  0x008003d4        0x2 ./mcal/TIMER/TIMER_prog.o
 .bss.is_reply  0x008003d6        0x1 ./hal/M16P_handler/M16P.o
 .bss.recv_buf  0x008003d7        0xa ./hal/M16P_handler/M16P.o
 .bss.i.1363    0x008003e1        0x1 ./app/logic.o
 *(COMMON)
 COMMON         0x008003e2       0x12 ./services/show/show.o
                0x008003e2                compare_value_1
                0x008003e3                sound_buffer
                0x008003f2                ready_flag_glob
 COMMON         0x008003f4        0x2 ./mcal/TIMER1/TIMER1_prog.o
                0x008003f4                compare_cnt1
 COMMON         0x008003f6        0x2 ./mcal/TIMER/TIMER_prog.o
                0x008003f6                compare_cnt
 COMMON         0x008003f8       0x24 ./app/logic.o
                0x008003f8                sensor_reads
                0x00800408                word_location_buffer
                0x00800412                word_location
                0x0080041c                PROVIDE (__bss_end, .)
                0x00003bbc                __data_load_start = LOADADDR (.data)
                0x00003f1a                __data_load_end = (__data_load_start + SIZEOF (.data))

.noinit         0x0080041c        0x0
                0x0080041c                PROVIDE (__noinit_start, .)
 *(.noinit*)
                0x0080041c                PROVIDE (__noinit_end, .)
                0x0080041c                _end = .
                0x0080041c                PROVIDE (__heap_start, .)

.eeprom         0x00810000        0x0
 *(.eeprom*)
                0x00810000                __eeprom_end = .

.fuse
 *(.fuse)
 *(.lfuse)
 *(.hfuse)
 *(.efuse)

.lock
 *(.lock*)

.signature
 *(.signature*)

.stab           0x00000000     0x4818
 *(.stab)
 .stab          0x00000000      0x534 ./services/show/show.o
 .stab          0x00000534      0x324 ./services/glove_handler/glove_prog.o
                                0x330 (size before relaxing)
 .stab          0x00000858      0x21c ./services/get_word_sound/get_word_sound.o
                                0x228 (size before relaxing)
 .stab          0x00000a74      0x1a4 ./mcal/global_interrupt_driver/global_interrupt_prog.o
                                0x1b0 (size before relaxing)
 .stab          0x00000c18      0x954 ./mcal/dio_driver/dio_prog.o
                                0x960 (size before relaxing)
 .stab          0x0000156c      0x69c ./mcal/adc_driver/adc_prog.o
                                0x6a8 (size before relaxing)
 .stab          0x00001c08      0x270 ./mcal/UART_DRIVER/UART.o
                                0x27c (size before relaxing)
 .stab          0x00001e78      0x4d4 ./mcal/TIMER1/TIMER1_prog.o
                                0x4e0 (size before relaxing)
 .stab          0x0000234c      0x4bc ./mcal/TIMER/TIMER_prog.o
                                0x4c8 (size before relaxing)
 .stab          0x00002808      0x2d0 ./hal/tilt_sensor_driver/tilt_sensor_prog.o
                                0x2dc (size before relaxing)
 .stab          0x00002ad8      0xdec ./hal/lcd_handler/lcd_proj.o
                                0xdf8 (size before relaxing)
 .stab          0x000038c4      0x228 ./hal/flex_sensor_driver/flex_sensor_proj.o
                                0x234 (size before relaxing)
 .stab          0x00003aec      0x9d8 ./hal/M16P_handler/M16P.o
                                0x9e4 (size before relaxing)
 .stab          0x000044c4      0x354 ./app/logic.o
                                0x4d4 (size before relaxing)

.stabstr        0x00000000     0x2346
 *(.stabstr)
 .stabstr       0x00000000     0x2346 ./services/show/show.o

.stab.excl
 *(.stab.excl)

.stab.exclstr
 *(.stab.exclstr)

.stab.index
 *(.stab.index)

.stab.indexstr
 *(.stab.indexstr)

.comment
 *(.comment)

.debug
 *(.debug)

.line
 *(.line)

.debug_srcinfo
 *(.debug_srcinfo)

.debug_sfnames
 *(.debug_sfnames)

.debug_aranges  0x00000000      0x140
 *(.debug_aranges)
 .debug_aranges
                0x00000000       0x20 d:/college projects/imt embedded diploma/embedded tools/imt_sdk_win_64/winavr/bin/../lib/gcc/avr/4.3.3/avr5\libgcc.a(_fixunssfsi.o)
 .debug_aranges
                0x00000020       0x20 d:/college projects/imt embedded diploma/embedded tools/imt_sdk_win_64/winavr/bin/../lib/gcc/avr/4.3.3/avr5\libgcc.a(_addsub_sf.o)
 .debug_aranges
                0x00000040       0x20 d:/college projects/imt embedded diploma/embedded tools/imt_sdk_win_64/winavr/bin/../lib/gcc/avr/4.3.3/avr5\libgcc.a(_mul_sf.o)
 .debug_aranges
                0x00000060       0x20 d:/college projects/imt embedded diploma/embedded tools/imt_sdk_win_64/winavr/bin/../lib/gcc/avr/4.3.3/avr5\libgcc.a(_gt_sf.o)
 .debug_aranges
                0x00000080       0x20 d:/college projects/imt embedded diploma/embedded tools/imt_sdk_win_64/winavr/bin/../lib/gcc/avr/4.3.3/avr5\libgcc.a(_ge_sf.o)
 .debug_aranges
                0x000000a0       0x20 d:/college projects/imt embedded diploma/embedded tools/imt_sdk_win_64/winavr/bin/../lib/gcc/avr/4.3.3/avr5\libgcc.a(_lt_sf.o)
 .debug_aranges
                0x000000c0       0x20 d:/college projects/imt embedded diploma/embedded tools/imt_sdk_win_64/winavr/bin/../lib/gcc/avr/4.3.3/avr5\libgcc.a(_sf_to_si.o)
 .debug_aranges
                0x000000e0       0x20 d:/college projects/imt embedded diploma/embedded tools/imt_sdk_win_64/winavr/bin/../lib/gcc/avr/4.3.3/avr5\libgcc.a(_pack_sf.o)
 .debug_aranges
                0x00000100       0x20 d:/college projects/imt embedded diploma/embedded tools/imt_sdk_win_64/winavr/bin/../lib/gcc/avr/4.3.3/avr5\libgcc.a(_unpack_sf.o)
 .debug_aranges
                0x00000120       0x20 d:/college projects/imt embedded diploma/embedded tools/imt_sdk_win_64/winavr/bin/../lib/gcc/avr/4.3.3/avr5\libgcc.a(_fpcmp_parts_sf.o)

.debug_pubnames
                0x00000000      0x170
 *(.debug_pubnames)
 .debug_pubnames
                0x00000000       0x23 d:/college projects/imt embedded diploma/embedded tools/imt_sdk_win_64/winavr/bin/../lib/gcc/avr/4.3.3/avr5\libgcc.a(_fixunssfsi.o)
 .debug_pubnames
                0x00000023       0x2c d:/college projects/imt embedded diploma/embedded tools/imt_sdk_win_64/winavr/bin/../lib/gcc/avr/4.3.3/avr5\libgcc.a(_addsub_sf.o)
 .debug_pubnames
                0x0000004f       0x1f d:/college projects/imt embedded diploma/embedded tools/imt_sdk_win_64/winavr/bin/../lib/gcc/avr/4.3.3/avr5\libgcc.a(_mul_sf.o)
 .debug_pubnames
                0x0000006e       0x1e d:/college projects/imt embedded diploma/embedded tools/imt_sdk_win_64/winavr/bin/../lib/gcc/avr/4.3.3/avr5\libgcc.a(_gt_sf.o)
 .debug_pubnames
                0x0000008c       0x1e d:/college projects/imt embedded diploma/embedded tools/imt_sdk_win_64/winavr/bin/../lib/gcc/avr/4.3.3/avr5\libgcc.a(_ge_sf.o)
 .debug_pubnames
                0x000000aa       0x1e d:/college projects/imt embedded diploma/embedded tools/imt_sdk_win_64/winavr/bin/../lib/gcc/avr/4.3.3/avr5\libgcc.a(_lt_sf.o)
 .debug_pubnames
                0x000000c8       0x20 d:/college projects/imt embedded diploma/embedded tools/imt_sdk_win_64/winavr/bin/../lib/gcc/avr/4.3.3/avr5\libgcc.a(_sf_to_si.o)
 .debug_pubnames
                0x000000e8       0x22 d:/college projects/imt embedded diploma/embedded tools/imt_sdk_win_64/winavr/bin/../lib/gcc/avr/4.3.3/avr5\libgcc.a(_thenan_sf.o)
 .debug_pubnames
                0x0000010a       0x1f d:/college projects/imt embedded diploma/embedded tools/imt_sdk_win_64/winavr/bin/../lib/gcc/avr/4.3.3/avr5\libgcc.a(_pack_sf.o)
 .debug_pubnames
                0x00000129       0x21 d:/college projects/imt embedded diploma/embedded tools/imt_sdk_win_64/winavr/bin/../lib/gcc/avr/4.3.3/avr5\libgcc.a(_unpack_sf.o)
 .debug_pubnames
                0x0000014a       0x26 d:/college projects/imt embedded diploma/embedded tools/imt_sdk_win_64/winavr/bin/../lib/gcc/avr/4.3.3/avr5\libgcc.a(_fpcmp_parts_sf.o)

.debug_info     0x00000000     0x1c49
 *(.debug_info)
 .debug_info    0x00000000       0xb1 d:/college projects/imt embedded diploma/embedded tools/imt_sdk_win_64/winavr/bin/../lib/gcc/avr/4.3.3/avr5\libgcc.a(_fixunssfsi.o)
 .debug_info    0x000000b1      0x47a d:/college projects/imt embedded diploma/embedded tools/imt_sdk_win_64/winavr/bin/../lib/gcc/avr/4.3.3/avr5\libgcc.a(_addsub_sf.o)
 .debug_info    0x0000052b      0x485 d:/college projects/imt embedded diploma/embedded tools/imt_sdk_win_64/winavr/bin/../lib/gcc/avr/4.3.3/avr5\libgcc.a(_mul_sf.o)
 .debug_info    0x000009b0      0x27f d:/college projects/imt embedded diploma/embedded tools/imt_sdk_win_64/winavr/bin/../lib/gcc/avr/4.3.3/avr5\libgcc.a(_gt_sf.o)
 .debug_info    0x00000c2f      0x27f d:/college projects/imt embedded diploma/embedded tools/imt_sdk_win_64/winavr/bin/../lib/gcc/avr/4.3.3/avr5\libgcc.a(_ge_sf.o)
 .debug_info    0x00000eae      0x27f d:/college projects/imt embedded diploma/embedded tools/imt_sdk_win_64/winavr/bin/../lib/gcc/avr/4.3.3/avr5\libgcc.a(_lt_sf.o)
 .debug_info    0x0000112d      0x2b0 d:/college projects/imt embedded diploma/embedded tools/imt_sdk_win_64/winavr/bin/../lib/gcc/avr/4.3.3/avr5\libgcc.a(_sf_to_si.o)
 .debug_info    0x000013dd      0x12c d:/college projects/imt embedded diploma/embedded tools/imt_sdk_win_64/winavr/bin/../lib/gcc/avr/4.3.3/avr5\libgcc.a(_thenan_sf.o)
 .debug_info    0x00001509      0x2df d:/college projects/imt embedded diploma/embedded tools/imt_sdk_win_64/winavr/bin/../lib/gcc/avr/4.3.3/avr5\libgcc.a(_pack_sf.o)
 .debug_info    0x000017e8      0x251 d:/college projects/imt embedded diploma/embedded tools/imt_sdk_win_64/winavr/bin/../lib/gcc/avr/4.3.3/avr5\libgcc.a(_unpack_sf.o)
 .debug_info    0x00001a39      0x210 d:/college projects/imt embedded diploma/embedded tools/imt_sdk_win_64/winavr/bin/../lib/gcc/avr/4.3.3/avr5\libgcc.a(_fpcmp_parts_sf.o)
 *(.gnu.linkonce.wi.*)

.debug_abbrev   0x00000000      0xeeb
 *(.debug_abbrev)
 .debug_abbrev  0x00000000       0x5d d:/college projects/imt embedded diploma/embedded tools/imt_sdk_win_64/winavr/bin/../lib/gcc/avr/4.3.3/avr5\libgcc.a(_fixunssfsi.o)
 .debug_abbrev  0x0000005d      0x1ea d:/college projects/imt embedded diploma/embedded tools/imt_sdk_win_64/winavr/bin/../lib/gcc/avr/4.3.3/avr5\libgcc.a(_addsub_sf.o)
 .debug_abbrev  0x00000247      0x21b d:/college projects/imt embedded diploma/embedded tools/imt_sdk_win_64/winavr/bin/../lib/gcc/avr/4.3.3/avr5\libgcc.a(_mul_sf.o)
 .debug_abbrev  0x00000462      0x15a d:/college projects/imt embedded diploma/embedded tools/imt_sdk_win_64/winavr/bin/../lib/gcc/avr/4.3.3/avr5\libgcc.a(_gt_sf.o)
 .debug_abbrev  0x000005bc      0x15a d:/college projects/imt embedded diploma/embedded tools/imt_sdk_win_64/winavr/bin/../lib/gcc/avr/4.3.3/avr5\libgcc.a(_ge_sf.o)
 .debug_abbrev  0x00000716      0x15a d:/college projects/imt embedded diploma/embedded tools/imt_sdk_win_64/winavr/bin/../lib/gcc/avr/4.3.3/avr5\libgcc.a(_lt_sf.o)
 .debug_abbrev  0x00000870      0x17f d:/college projects/imt embedded diploma/embedded tools/imt_sdk_win_64/winavr/bin/../lib/gcc/avr/4.3.3/avr5\libgcc.a(_sf_to_si.o)
 .debug_abbrev  0x000009ef       0xad d:/college projects/imt embedded diploma/embedded tools/imt_sdk_win_64/winavr/bin/../lib/gcc/avr/4.3.3/avr5\libgcc.a(_thenan_sf.o)
 .debug_abbrev  0x00000a9c      0x1c0 d:/college projects/imt embedded diploma/embedded tools/imt_sdk_win_64/winavr/bin/../lib/gcc/avr/4.3.3/avr5\libgcc.a(_pack_sf.o)
 .debug_abbrev  0x00000c5c      0x154 d:/college projects/imt embedded diploma/embedded tools/imt_sdk_win_64/winavr/bin/../lib/gcc/avr/4.3.3/avr5\libgcc.a(_unpack_sf.o)
 .debug_abbrev  0x00000db0      0x13b d:/college projects/imt embedded diploma/embedded tools/imt_sdk_win_64/winavr/bin/../lib/gcc/avr/4.3.3/avr5\libgcc.a(_fpcmp_parts_sf.o)

.debug_line     0x00000000      0xdad
 *(.debug_line)
 .debug_line    0x00000000       0xa7 d:/college projects/imt embedded diploma/embedded tools/imt_sdk_win_64/winavr/bin/../lib/gcc/avr/4.3.3/avr5\libgcc.a(_fixunssfsi.o)
 .debug_line    0x000000a7      0x2af d:/college projects/imt embedded diploma/embedded tools/imt_sdk_win_64/winavr/bin/../lib/gcc/avr/4.3.3/avr5\libgcc.a(_addsub_sf.o)
 .debug_line    0x00000356      0x239 d:/college projects/imt embedded diploma/embedded tools/imt_sdk_win_64/winavr/bin/../lib/gcc/avr/4.3.3/avr5\libgcc.a(_mul_sf.o)
 .debug_line    0x0000058f       0xd3 d:/college projects/imt embedded diploma/embedded tools/imt_sdk_win_64/winavr/bin/../lib/gcc/avr/4.3.3/avr5\libgcc.a(_gt_sf.o)
 .debug_line    0x00000662       0xd3 d:/college projects/imt embedded diploma/embedded tools/imt_sdk_win_64/winavr/bin/../lib/gcc/avr/4.3.3/avr5\libgcc.a(_ge_sf.o)
 .debug_line    0x00000735       0xd3 d:/college projects/imt embedded diploma/embedded tools/imt_sdk_win_64/winavr/bin/../lib/gcc/avr/4.3.3/avr5\libgcc.a(_lt_sf.o)
 .debug_line    0x00000808      0x109 d:/college projects/imt embedded diploma/embedded tools/imt_sdk_win_64/winavr/bin/../lib/gcc/avr/4.3.3/avr5\libgcc.a(_sf_to_si.o)
 .debug_line    0x00000911       0x90 d:/college projects/imt embedded diploma/embedded tools/imt_sdk_win_64/winavr/bin/../lib/gcc/avr/4.3.3/avr5\libgcc.a(_thenan_sf.o)
 .debug_line    0x000009a1      0x18a d:/college projects/imt embedded diploma/embedded tools/imt_sdk_win_64/winavr/bin/../lib/gcc/avr/4.3.3/avr5\libgcc.a(_pack_sf.o)
 .debug_line    0x00000b2b      0x14b d:/college projects/imt embedded diploma/embedded tools/imt_sdk_win_64/winavr/bin/../lib/gcc/avr/4.3.3/avr5\libgcc.a(_unpack_sf.o)
 .debug_line    0x00000c76      0x137 d:/college projects/imt embedded diploma/embedded tools/imt_sdk_win_64/winavr/bin/../lib/gcc/avr/4.3.3/avr5\libgcc.a(_fpcmp_parts_sf.o)

.debug_frame    0x00000000      0x160
 *(.debug_frame)
 .debug_frame   0x00000000       0x20 d:/college projects/imt embedded diploma/embedded tools/imt_sdk_win_64/winavr/bin/../lib/gcc/avr/4.3.3/avr5\libgcc.a(_fixunssfsi.o)
 .debug_frame   0x00000020       0x40 d:/college projects/imt embedded diploma/embedded tools/imt_sdk_win_64/winavr/bin/../lib/gcc/avr/4.3.3/avr5\libgcc.a(_addsub_sf.o)
 .debug_frame   0x00000060       0x20 d:/college projects/imt embedded diploma/embedded tools/imt_sdk_win_64/winavr/bin/../lib/gcc/avr/4.3.3/avr5\libgcc.a(_mul_sf.o)
 .debug_frame   0x00000080       0x20 d:/college projects/imt embedded diploma/embedded tools/imt_sdk_win_64/winavr/bin/../lib/gcc/avr/4.3.3/avr5\libgcc.a(_gt_sf.o)
 .debug_frame   0x000000a0       0x20 d:/college projects/imt embedded diploma/embedded tools/imt_sdk_win_64/winavr/bin/../lib/gcc/avr/4.3.3/avr5\libgcc.a(_ge_sf.o)
 .debug_frame   0x000000c0       0x20 d:/college projects/imt embedded diploma/embedded tools/imt_sdk_win_64/winavr/bin/../lib/gcc/avr/4.3.3/avr5\libgcc.a(_lt_sf.o)
 .debug_frame   0x000000e0       0x20 d:/college projects/imt embedded diploma/embedded tools/imt_sdk_win_64/winavr/bin/../lib/gcc/avr/4.3.3/avr5\libgcc.a(_sf_to_si.o)
 .debug_frame   0x00000100       0x20 d:/college projects/imt embedded diploma/embedded tools/imt_sdk_win_64/winavr/bin/../lib/gcc/avr/4.3.3/avr5\libgcc.a(_pack_sf.o)
 .debug_frame   0x00000120       0x20 d:/college projects/imt embedded diploma/embedded tools/imt_sdk_win_64/winavr/bin/../lib/gcc/avr/4.3.3/avr5\libgcc.a(_unpack_sf.o)
 .debug_frame   0x00000140       0x20 d:/college projects/imt embedded diploma/embedded tools/imt_sdk_win_64/winavr/bin/../lib/gcc/avr/4.3.3/avr5\libgcc.a(_fpcmp_parts_sf.o)

.debug_str      0x00000000      0x28d
 *(.debug_str)
 .debug_str     0x00000000       0xbf d:/college projects/imt embedded diploma/embedded tools/imt_sdk_win_64/winavr/bin/../lib/gcc/avr/4.3.3/avr5\libgcc.a(_fixunssfsi.o)
                                 0xfe (size before relaxing)
 .debug_str     0x000000bf      0x14d d:/college projects/imt embedded diploma/embedded tools/imt_sdk_win_64/winavr/bin/../lib/gcc/avr/4.3.3/avr5\libgcc.a(_addsub_sf.o)
                                0x206 (size before relaxing)
 .debug_str     0x0000020c       0x27 d:/college projects/imt embedded diploma/embedded tools/imt_sdk_win_64/winavr/bin/../lib/gcc/avr/4.3.3/avr5\libgcc.a(_mul_sf.o)
                                0x1bf (size before relaxing)
 .debug_str     0x00000233        0xf d:/college projects/imt embedded diploma/embedded tools/imt_sdk_win_64/winavr/bin/../lib/gcc/avr/4.3.3/avr5\libgcc.a(_gt_sf.o)
                                0x195 (size before relaxing)
 .debug_str     0x00000242        0x8 d:/college projects/imt embedded diploma/embedded tools/imt_sdk_win_64/winavr/bin/../lib/gcc/avr/4.3.3/avr5\libgcc.a(_ge_sf.o)
                                0x195 (size before relaxing)
 .debug_str     0x0000024a        0x8 d:/college projects/imt embedded diploma/embedded tools/imt_sdk_win_64/winavr/bin/../lib/gcc/avr/4.3.3/avr5\libgcc.a(_lt_sf.o)
                                0x195 (size before relaxing)
 .debug_str     0x00000252        0xa d:/college projects/imt embedded diploma/embedded tools/imt_sdk_win_64/winavr/bin/../lib/gcc/avr/4.3.3/avr5\libgcc.a(_sf_to_si.o)
                                0x19e (size before relaxing)
 .debug_str     0x00000000      0x103 d:/college projects/imt embedded diploma/embedded tools/imt_sdk_win_64/winavr/bin/../lib/gcc/avr/4.3.3/avr5\libgcc.a(_thenan_sf.o)
 .debug_str     0x0000025c       0x16 d:/college projects/imt embedded diploma/embedded tools/imt_sdk_win_64/winavr/bin/../lib/gcc/avr/4.3.3/avr5\libgcc.a(_pack_sf.o)
                                0x19d (size before relaxing)
 .debug_str     0x00000272        0xb d:/college projects/imt embedded diploma/embedded tools/imt_sdk_win_64/winavr/bin/../lib/gcc/avr/4.3.3/avr5\libgcc.a(_unpack_sf.o)
                                0x17f (size before relaxing)
 .debug_str     0x0000027d       0x10 d:/college projects/imt embedded diploma/embedded tools/imt_sdk_win_64/winavr/bin/../lib/gcc/avr/4.3.3/avr5\libgcc.a(_fpcmp_parts_sf.o)
                                0x163 (size before relaxing)

.debug_loc      0x00000000      0x7ce
 *(.debug_loc)
 .debug_loc     0x00000000       0x34 d:/college projects/imt embedded diploma/embedded tools/imt_sdk_win_64/winavr/bin/../lib/gcc/avr/4.3.3/avr5\libgcc.a(_fixunssfsi.o)
 .debug_loc     0x00000034      0x32a d:/college projects/imt embedded diploma/embedded tools/imt_sdk_win_64/winavr/bin/../lib/gcc/avr/4.3.3/avr5\libgcc.a(_addsub_sf.o)
 .debug_loc     0x0000035e      0x104 d:/college projects/imt embedded diploma/embedded tools/imt_sdk_win_64/winavr/bin/../lib/gcc/avr/4.3.3/avr5\libgcc.a(_mul_sf.o)
 .debug_loc     0x00000462       0x3c d:/college projects/imt embedded diploma/embedded tools/imt_sdk_win_64/winavr/bin/../lib/gcc/avr/4.3.3/avr5\libgcc.a(_gt_sf.o)
 .debug_loc     0x0000049e       0x3c d:/college projects/imt embedded diploma/embedded tools/imt_sdk_win_64/winavr/bin/../lib/gcc/avr/4.3.3/avr5\libgcc.a(_ge_sf.o)
 .debug_loc     0x000004da       0x3c d:/college projects/imt embedded diploma/embedded tools/imt_sdk_win_64/winavr/bin/../lib/gcc/avr/4.3.3/avr5\libgcc.a(_lt_sf.o)
 .debug_loc     0x00000516       0x7e d:/college projects/imt embedded diploma/embedded tools/imt_sdk_win_64/winavr/bin/../lib/gcc/avr/4.3.3/avr5\libgcc.a(_sf_to_si.o)
 .debug_loc     0x00000594      0x13e d:/college projects/imt embedded diploma/embedded tools/imt_sdk_win_64/winavr/bin/../lib/gcc/avr/4.3.3/avr5\libgcc.a(_pack_sf.o)
 .debug_loc     0x000006d2       0xac d:/college projects/imt embedded diploma/embedded tools/imt_sdk_win_64/winavr/bin/../lib/gcc/avr/4.3.3/avr5\libgcc.a(_unpack_sf.o)
 .debug_loc     0x0000077e       0x50 d:/college projects/imt embedded diploma/embedded tools/imt_sdk_win_64/winavr/bin/../lib/gcc/avr/4.3.3/avr5\libgcc.a(_fpcmp_parts_sf.o)

.debug_macinfo
 *(.debug_macinfo)
OUTPUT(Glove_project.elf elf32-avr)
LOAD linker stubs

.debug_ranges   0x00000000       0x50
 .debug_ranges  0x00000000       0x50 d:/college projects/imt embedded diploma/embedded tools/imt_sdk_win_64/winavr/bin/../lib/gcc/avr/4.3.3/avr5\libgcc.a(_mul_sf.o)
